
===========================================================================
report_checks -unconstrained
============================================================================
Startpoint: la_iena_mprj[101] (input port clocked by v_clk)
Endpoint: la_data_in_mprj[101] (output port clocked by v_clk)
Path Group: v_clk
Path Type: max

Fanout     Cap    Slew   Delay    Time   Description
-----------------------------------------------------------------------------
                  0.00    0.00    0.00   clock v_clk (rise edge)
                          0.00    0.00   clock network delay (ideal)
                          1.00    1.00 ^ input external delay
                  0.00    0.00    1.00 ^ la_iena_mprj[101] (in)
     2    0.00                           la_iena_mprj[101] (net)
                  0.00    0.00    1.00 ^ input134/A (sky130_fd_sc_hd__clkbuf_2)
                  0.12    0.14    1.14 ^ input134/X (sky130_fd_sc_hd__clkbuf_2)
     2    0.02                           net134 (net)
                  0.12    0.00    1.14 ^ _0809_/B (sky130_fd_sc_hd__and2_4)
                  0.24    0.29    1.43 ^ _0809_/X (sky130_fd_sc_hd__and2_4)
     2    0.08                           _0100_ (net)
                  0.24    0.04    1.47 ^ _0810_/A (sky130_fd_sc_hd__dlymetal6s2s_1)
                  0.20    0.25    1.72 ^ _0810_/X (sky130_fd_sc_hd__dlymetal6s2s_1)
     2    0.02                           la_data_in_enable[101] (net)
                  0.20    0.00    1.72 ^ user_to_mprj_in_gates[101]/B (sky130_fd_sc_hd__nand2_4)
                  0.13    0.15    1.87 v user_to_mprj_in_gates[101]/Y (sky130_fd_sc_hd__nand2_4)
     2    0.05                           la_data_in_mprj_bar[101] (net)
                  0.13    0.00    1.87 v _0546_/A (sky130_fd_sc_hd__inv_2)
                  0.08    0.12    1.99 ^ _0546_/Y (sky130_fd_sc_hd__inv_2)
     1    0.01                           net593 (net)
                  0.08    0.00    1.99 ^ output593/A (sky130_fd_sc_hd__buf_12)
                  0.23    0.25    2.24 ^ output593/X (sky130_fd_sc_hd__buf_12)
     1    0.20                           la_data_in_mprj[101] (net)
                  0.23    0.00    2.24 ^ la_data_in_mprj[101] (out)
                                  2.24   data arrival time

                  0.00    4.00    4.00   clock v_clk (rise edge)
                          0.00    4.00   clock network delay (ideal)
                          0.00    4.00   clock reconvergence pessimism
                         -1.00    3.00   output external delay
                                  3.00   data required time
-----------------------------------------------------------------------------
                                  3.00   data required time
                                 -2.24   data arrival time
-----------------------------------------------------------------------------
                                  0.76   slack (MET)



===========================================================================
report_checks --slack_max -0.01
============================================================================
No paths found.
