****************************************
Report : constraint
	-all_violators
	-path slack_only
Design : digital_pll
Version: T-2022.03-SP3
Date   : Tue Oct 18 15:35:55 2022
****************************************




   max_transition

                             Required        Actual
   Pin                      Transition     Transition        Slack
   -----------------------------------------------------------------
   ringosc.iss.reseten0/Z     0.7500         1.6569        -0.9069  (VIOLATED)
   ANTENNA_ringosc.ibufp00_A/DIODE   0.7500   1.6566       -0.9066  (VIOLATED)
   ringosc.ibufp00/A          0.7500         1.6566        -0.9066  (VIOLATED)
   ringosc.dstage[0].id.delaybuf0/A   0.7500   1.6565      -0.9065  (VIOLATED)
   ANTENNA_ringosc.dstage[0].id.delaybuf0_A/DIODE   0.7500   1.6564  -0.9064 (VIOLATED)
   ringosc.iss.delaybuf0/A    0.7500         1.0210        -0.2710  (VIOLATED)
   ringosc.iss.delayenb0/A    0.7500         1.0210        -0.2710  (VIOLATED)
   ringosc.iss.delayenb1/A    0.7500         1.0210        -0.2710  (VIOLATED)
   ringosc.dstage[11].id.delayen0/Z   0.7500   1.0210      -0.2710  (VIOLATED)
   ringosc.iss.delayen0/Z     0.7500         0.9419        -0.1919  (VIOLATED)


1
