****************************************
Report : constraint
	-all_violators
	-path slack_only
Design : digital_pll
Version: T-2022.03-SP3
Date   : Sun Oct 16 19:36:55 2022
****************************************




   max_transition

                             Required        Actual
   Pin                      Transition     Transition        Slack
   -----------------------------------------------------------------
   _365_/A                    0.7500         1.4073        -0.6573  (VIOLATED)
   _371_/A                    0.7500         1.4071        -0.6571  (VIOLATED)
   ANTENNA__371__A/DIODE      0.7500         1.4071        -0.6571  (VIOLATED)
   _356_/A                    0.7500         1.4069        -0.6569  (VIOLATED)
   _362_/A                    0.7500         1.4069        -0.6569  (VIOLATED)
   ANTENNA__362__A/DIODE      0.7500         1.4069        -0.6569  (VIOLATED)
   ANTENNA__365__A/DIODE      0.7500         1.4061        -0.6561  (VIOLATED)
   ANTENNA__361__A/DIODE      0.7500         1.4060        -0.6560  (VIOLATED)
   _361_/A                    0.7500         1.4060        -0.6560  (VIOLATED)
   _357_/A                    0.7500         1.4057        -0.6557  (VIOLATED)
   ANTENNA__374__A/DIODE      0.7500         1.4052        -0.6552  (VIOLATED)
   ANTENNA__357__A/DIODE      0.7500         1.4052        -0.6552  (VIOLATED)
   _359_/A                    0.7500         1.4051        -0.6551  (VIOLATED)
   ANTENNA__359__A/DIODE      0.7500         1.4050        -0.6550  (VIOLATED)
   _360_/A                    0.7500         1.4048        -0.6548  (VIOLATED)
   ANTENNA__360__A/DIODE      0.7500         1.4048        -0.6548  (VIOLATED)
   ANTENNA__356__A/DIODE      0.7500         1.4048        -0.6548  (VIOLATED)
   ANTENNA__366__A/DIODE      0.7500         1.4029        -0.6529  (VIOLATED)
   _366_/A                    0.7500         1.4029        -0.6529  (VIOLATED)
   _352_/A_N                  0.7500         1.4029        -0.6529  (VIOLATED)
   ANTENNA__352__A_N/DIODE    0.7500         1.4029        -0.6529  (VIOLATED)
   ANTENNA__367__A/DIODE      0.7500         1.4029        -0.6529  (VIOLATED)
   ANTENNA__368__A/DIODE      0.7500         1.4029        -0.6529  (VIOLATED)
   _368_/A                    0.7500         1.4029        -0.6529  (VIOLATED)
   _367_/A                    0.7500         1.4029        -0.6529  (VIOLATED)
   ANTENNA__364__A/DIODE      0.7500         1.4029        -0.6529  (VIOLATED)
   ANTENNA__369__A/DIODE      0.7500         1.4029        -0.6529  (VIOLATED)
   _369_/A                    0.7500         1.4029        -0.6529  (VIOLATED)
   ANTENNA__353__A1/DIODE     0.7500         1.4029        -0.6529  (VIOLATED)
   _353_/A1                   0.7500         1.4029        -0.6529  (VIOLATED)
   _364_/A                    0.7500         1.4029        -0.6529  (VIOLATED)
   ANTENNA__358__A/DIODE      0.7500         1.4029        -0.6529  (VIOLATED)
   ANTENNA__372__A/DIODE      0.7500         1.4029        -0.6529  (VIOLATED)
   _358_/A                    0.7500         1.4029        -0.6529  (VIOLATED)
   _372_/A                    0.7500         1.4029        -0.6529  (VIOLATED)
   _373_/A                    0.7500         1.4029        -0.6529  (VIOLATED)
   ANTENNA__351__A1/DIODE     0.7500         1.4029        -0.6529  (VIOLATED)
   ANTENNA__373__A/DIODE      0.7500         1.4029        -0.6529  (VIOLATED)
   ANTENNA__354__A1/DIODE     0.7500         1.4029        -0.6529  (VIOLATED)
   _354_/A1                   0.7500         1.4029        -0.6529  (VIOLATED)
   _351_/A1                   0.7500         1.4029        -0.6529  (VIOLATED)
   ANTENNA__296__B/DIODE      0.7500         1.4029        -0.6529  (VIOLATED)
   ANTENNA__334__B2/DIODE     0.7500         1.4029        -0.6529  (VIOLATED)
   _334_/B2                   0.7500         1.4029        -0.6529  (VIOLATED)
   _296_/B                    0.7500         1.4029        -0.6529  (VIOLATED)
   _348_/A1                   0.7500         1.4029        -0.6529  (VIOLATED)
   ANTENNA__348__A1/DIODE     0.7500         1.4029        -0.6529  (VIOLATED)
   _350_/B2                   0.7500         1.4029        -0.6529  (VIOLATED)
   _342_/A1                   0.7500         1.4029        -0.6529  (VIOLATED)
   ANTENNA__342__A1/DIODE     0.7500         1.4029        -0.6529  (VIOLATED)
   ANTENNA__337__A1/DIODE     0.7500         1.4029        -0.6529  (VIOLATED)
   _337_/A1                   0.7500         1.4029        -0.6529  (VIOLATED)
   ANTENNA__343__A1/DIODE     0.7500         1.4029        -0.6529  (VIOLATED)
   _341_/B2                   0.7500         1.4029        -0.6529  (VIOLATED)
   ANTENNA__341__B2/DIODE     0.7500         1.4029        -0.6529  (VIOLATED)
   ANTENNA__350__B2/DIODE     0.7500         1.4029        -0.6529  (VIOLATED)
   _376_/A                    0.7500         1.4028        -0.6528  (VIOLATED)
   ANTENNA__376__A/DIODE      0.7500         1.4028        -0.6528  (VIOLATED)
   ANTENNA__375__A/DIODE      0.7500         1.4028        -0.6528  (VIOLATED)
   _374_/A                    0.7500         1.4028        -0.6528  (VIOLATED)
   _375_/A                    0.7500         1.4028        -0.6528  (VIOLATED)
   ANTENNA__370__A/DIODE      0.7500         1.4027        -0.6527  (VIOLATED)
   _370_/A                    0.7500         1.4027        -0.6527  (VIOLATED)
   ANTENNA__326__A1/DIODE     0.7500         1.4027        -0.6527  (VIOLATED)
   _314_/A1                   0.7500         1.4027        -0.6527  (VIOLATED)
   _317_/A1                   0.7500         1.4027        -0.6527  (VIOLATED)
   _319_/A1                   0.7500         1.4027        -0.6527  (VIOLATED)
   ANTENNA__288__A/DIODE      0.7500         1.4027        -0.6527  (VIOLATED)
   _288_/A                    0.7500         1.4027        -0.6527  (VIOLATED)
   ANTENNA__319__A1/DIODE     0.7500         1.4027        -0.6527  (VIOLATED)
   _293_/A_N                  0.7500         1.4027        -0.6527  (VIOLATED)
   ANTENNA__363__A/DIODE      0.7500         1.4027        -0.6527  (VIOLATED)
   _363_/A                    0.7500         1.4027        -0.6527  (VIOLATED)
   ANTENNA__346__B2/DIODE     0.7500         1.4027        -0.6527  (VIOLATED)
   _326_/A1                   0.7500         1.4027        -0.6527  (VIOLATED)
   ANTENNA__293__A_N/DIODE    0.7500         1.4027        -0.6527  (VIOLATED)
   ANTENNA__314__A1/DIODE     0.7500         1.4027        -0.6527  (VIOLATED)
   ANTENNA__312__A1/DIODE     0.7500         1.4027        -0.6527  (VIOLATED)
   _312_/A1                   0.7500         1.4027        -0.6527  (VIOLATED)
   _346_/B2                   0.7500         1.4027        -0.6527  (VIOLATED)
   _310_/A1                   0.7500         1.4027        -0.6527  (VIOLATED)
   _343_/A1                   0.7500         1.4027        -0.6527  (VIOLATED)
   _309_/A1                   0.7500         1.4027        -0.6527  (VIOLATED)
   ANTENNA__310__A1/DIODE     0.7500         1.4027        -0.6527  (VIOLATED)
   ANTENNA__377__A/DIODE      0.7500         1.4026        -0.6526  (VIOLATED)
   _377_/A                    0.7500         1.4026        -0.6526  (VIOLATED)
   _295_/A1                   0.7500         1.4026        -0.6526  (VIOLATED)
   ANTENNA__295__A1/DIODE     0.7500         1.4026        -0.6526  (VIOLATED)
   _305_/A1                   0.7500         1.4026        -0.6526  (VIOLATED)
   _299_/A1                   0.7500         1.4026        -0.6526  (VIOLATED)
   ANTENNA__299__A1/DIODE     0.7500         1.4026        -0.6526  (VIOLATED)
   _289_/A2                   0.7500         1.4026        -0.6526  (VIOLATED)
   ANTENNA__305__A1/DIODE     0.7500         1.4026        -0.6526  (VIOLATED)
   _300_/A1                   0.7500         1.4026        -0.6526  (VIOLATED)
   ANTENNA__313__B/DIODE      0.7500         1.4026        -0.6526  (VIOLATED)
   ANTENNA__300__A1/DIODE     0.7500         1.4026        -0.6526  (VIOLATED)
   ANTENNA__306__A1/DIODE     0.7500         1.4026        -0.6526  (VIOLATED)
   _302_/A1                   0.7500         1.4026        -0.6526  (VIOLATED)
   ANTENNA__316__B2/DIODE     0.7500         1.4026        -0.6526  (VIOLATED)
   ANTENNA__317__A1/DIODE     0.7500         1.4026        -0.6526  (VIOLATED)
   _306_/A1                   0.7500         1.4026        -0.6526  (VIOLATED)
   ANTENNA__309__A1/DIODE     0.7500         1.4026        -0.6526  (VIOLATED)
   _316_/B2                   0.7500         1.4026        -0.6526  (VIOLATED)
   _313_/B                    0.7500         1.4026        -0.6526  (VIOLATED)
   ANTENNA__302__A1/DIODE     0.7500         1.4026        -0.6526  (VIOLATED)
   ANTENNA__378__A/DIODE      0.7500         1.4026        -0.6526  (VIOLATED)
   _378_/A                    0.7500         1.4025        -0.6525  (VIOLATED)
   ANTENNA__289__A2/DIODE     0.7500         1.4025        -0.6525  (VIOLATED)
   dco                        0.7500         1.4025        -0.6525  (VIOLATED)


1
