****************************************
Report : timing
	-path_type full_clock_expanded
	-delay_type max
	-nets
	-nworst 10
	-slack_lesser_than 10.0000
	-max_paths 10000
	-transition_time
	-capacitance
	-sort_by slack
	-include_hierarchical_pins
Design : housekeeping
Version: T-2022.03-SP3
Date   : Tue Oct 18 15:32:06 2022
****************************************


  Startpoint: wb_clk_i (clock source 'wb_clk_i')
  Endpoint: mgmt_gpio_out[14]
               (output port clocked by wb_clk_i)
  Path Group: wb_clk_i
  Path Type: max

  Point                                               Fanout    Cap      Trans       Incr       Path
  -----------------------------------------------------------------------------------------------------
  clock wb_clk_i (fall edge)                                                      12.5000    12.5000
  clock source latency                                                             0.0000    12.5000
  wb_clk_i (in)                                                         0.0000     0.0000 &  12.5000 f
  wb_clk_i (net)                                         2   0.0544 
  clkbuf_0_wb_clk_i/X (sky130_fd_sc_hd__clkbuf_16)                      0.0412     0.1468 &  12.6468 f
  clknet_0_wb_clk_i (net)                                2   0.0289 
  clkbuf_1_1_0_wb_clk_i/X (sky130_fd_sc_hd__clkbuf_8)                   0.0290     0.1293 &  12.7761 f
  clknet_1_1_0_wb_clk_i (net)                            1   0.0076 
  clkbuf_1_1_1_wb_clk_i/X (sky130_fd_sc_hd__clkbuf_8)                   0.0525     0.1507 &  12.9268 f
  clknet_1_1_1_wb_clk_i (net)                            2   0.0332 
  clkbuf_2_3_0_wb_clk_i/X (sky130_fd_sc_hd__clkbuf_8)                   0.0363     0.1442 &  13.0710 f
  clknet_2_3_0_wb_clk_i (net)                            2   0.0152 
  clkbuf_3_7_0_wb_clk_i/X (sky130_fd_sc_hd__clkbuf_8)                   0.0975     0.1935 &  13.2645 f
  clknet_3_7_0_wb_clk_i (net)                           12   0.0797 
  _3937_/X (sky130_fd_sc_hd__mux2_1)                                    0.0665     0.3239 &  13.5884 f
  mgmt_gpio_out_14_prebuff (net)                         1   0.0046 
  mgmt_gpio_14_buff_inst/X (sky130_fd_sc_hd__clkbuf_8)                  0.2155     0.3024 &  13.8907 f
  mgmt_gpio_out[14] (net)                                1   0.2112 
  mgmt_gpio_out[14] (out)                                               0.2155     0.0012 &  13.8919 f
  data arrival time                                                                          13.8919

  clock wb_clk_i (rise edge)                                                      25.0000    25.0000
  clock reconvergence pessimism                                                    0.0000    25.0000
  clock uncertainty                                                               -0.1000    24.9000
  output external delay                                                           -4.0000    20.9000
  data required time                                                                         20.9000
  -----------------------------------------------------------------------------------------------------
  data required time                                                                         20.9000
  data arrival time                                                                         -13.8919
  -----------------------------------------------------------------------------------------------------
  slack (MET)                                                                                 7.0081


  Startpoint: user_clock (clock source 'user_clock')
  Endpoint: mgmt_gpio_out[15]
               (output port clocked by wb_clk_i)
  Path Group: wb_clk_i
  Path Type: max

  Point                                               Fanout    Cap      Trans       Incr       Path
  -----------------------------------------------------------------------------------------------------
  clock user_clock (fall edge)                                                    12.5000    12.5000
  clock source latency                                                             0.0000    12.5000
  user_clock (in)                                                       0.0000     0.0000 &  12.5000 f
  user_clock (net)                                       4   0.1184 
  _3936_/X (sky130_fd_sc_hd__mux2_1)                                    0.0631     0.3304 &  12.8304 f
  mgmt_gpio_out_15_prebuff (net)                         1   0.0039 
  mgmt_gpio_15_buff_inst/X (sky130_fd_sc_hd__clkbuf_8)                  0.2154     0.3006 &  13.1311 f
  mgmt_gpio_out[15] (net)                                1   0.2108 
  mgmt_gpio_out[15] (out)                                               0.2154     0.0009 &  13.1320 f
  data arrival time                                                                          13.1320

  clock wb_clk_i (rise edge)                                                      25.0000    25.0000
  clock reconvergence pessimism                                                    0.0000    25.0000
  clock uncertainty                                                               -0.1000    24.9000
  output external delay                                                           -4.0000    20.9000
  data required time                                                                         20.9000
  -----------------------------------------------------------------------------------------------------
  data required time                                                                         20.9000
  data arrival time                                                                         -13.1320
  -----------------------------------------------------------------------------------------------------
  slack (MET)                                                                                 7.7680


1
