****************************************
Report : global_timing
	-format { narrow }
	-separate_all_groups
Design : caravel_clocking
Version: T-2022.03-SP3
Date   : Tue Oct 18 15:38:05 2022
****************************************

Setup violations for paths in pll_clk90
---------------------------------------------------------
         Total  reg->reg   in->reg  reg->out   in->out
---------------------------------------------------------
WNS    -1.9989   -1.9989    0.0000    0.0000    0.0000
TNS    -6.9304   -6.9304    0.0000    0.0000    0.0000
NUM          7         7         0         0         0
---------------------------------------------------------

Setup violations for paths in pll_clk
---------------------------------------------------------
         Total  reg->reg   in->reg  reg->out   in->out
---------------------------------------------------------
WNS    -1.9802   -1.9802    0.0000    0.0000    0.0000
TNS    -6.7375   -6.7375    0.0000    0.0000    0.0000
NUM          6         6         0         0         0
---------------------------------------------------------


Hold violations for paths in **clock_gating_default**
---------------------------------------------------------
         Total  reg->reg   in->reg  reg->out   in->out
---------------------------------------------------------
WNS    -4.9160   -4.9160    0.0000    0.0000    0.0000
TNS   -27.7412  -27.7412    0.0000    0.0000    0.0000
NUM          6         6         0         0         0
---------------------------------------------------------

1
