
===========================================================================
 report_check_types -max_slew -max_cap -max_fanout -violators
============================================================================
max slew

Pin                                    Limit    Slew   Slack
------------------------------------------------------------
mprj/analog_io[28]                      0.60    1.53   -0.93 (VIOLATED)
mprj/analog_io[25]                      0.60    1.53   -0.93 (VIOLATED)
mprj/analog_io[27]                      0.60    1.53   -0.93 (VIOLATED)
mprj/analog_io[26]                      0.60    1.53   -0.93 (VIOLATED)
mprj/analog_io[12]                      0.60    1.52   -0.92 (VIOLATED)
mprj/analog_io[13]                      0.60    1.52   -0.92 (VIOLATED)
mprj/analog_io[19]                      0.60    1.52   -0.92 (VIOLATED)
mprj/analog_io[18]                      0.60    1.52   -0.92 (VIOLATED)
mprj/analog_io[20]                      0.60    1.51   -0.91 (VIOLATED)
mprj/analog_io[21]                      0.60    1.51   -0.91 (VIOLATED)
mprj/analog_io[14]                      0.60    1.51   -0.91 (VIOLATED)
mprj/analog_io[9]                       0.60    1.51   -0.91 (VIOLATED)
mprj/analog_io[22]                      0.60    1.51   -0.91 (VIOLATED)
mprj/analog_io[15]                      0.60    1.50   -0.90 (VIOLATED)
mprj/analog_io[16]                      0.60    1.50   -0.90 (VIOLATED)
mprj/analog_io[11]                      0.60    1.50   -0.90 (VIOLATED)
mprj/analog_io[23]                      0.60    1.50   -0.90 (VIOLATED)
mprj/analog_io[7]                       0.60    1.50   -0.90 (VIOLATED)
mprj/analog_io[24]                      0.60    1.50   -0.90 (VIOLATED)
mprj/analog_io[10]                      0.60    1.50   -0.90 (VIOLATED)
mprj/analog_io[5]                       0.60    1.49   -0.89 (VIOLATED)
mprj/analog_io[17]                      0.60    1.49   -0.89 (VIOLATED)
mprj/analog_io[0]                       0.60    1.49   -0.89 (VIOLATED)
mprj/analog_io[4]                       0.60    1.49   -0.89 (VIOLATED)
mprj/analog_io[8]                       0.60    1.49   -0.89 (VIOLATED)
mprj/analog_io[6]                       0.60    1.49   -0.89 (VIOLATED)
mprj/analog_io[3]                       0.60    1.49   -0.89 (VIOLATED)
mprj/analog_io[1]                       0.60    1.49   -0.89 (VIOLATED)
mprj/analog_io[2]                       0.60    1.49   -0.89 (VIOLATED)
mprj/wb_clk_i                           0.10    0.60   -0.50 (VIOLATED)
soc.core.RAM128/WE0[2]                  0.30    0.42   -0.12 (VIOLATED)
soc.core.RAM128/WE0[0]                  0.30    0.41   -0.11 (VIOLATED)
soc.core.RAM128/WE0[1]                  0.30    0.41   -0.11 (VIOLATED)
soc.core.RAM128/WE0[3]                  0.30    0.40   -0.10 (VIOLATED)
soc.core.RAM256.BANK128[1].RAM128/A0[5]    0.30    0.31   -0.01 (VIOLATED)
soc.core.RAM256.BANK128[0].RAM128/A0[5]    0.30    0.31   -0.01 (VIOLATED)
soc.core.RAM256.BANK128[1].RAM128/A0[4]    0.30    0.30   -0.00 (VIOLATED)
soc.core.RAM256.BANK128[0].RAM128/A0[4]    0.30    0.30   -0.00 (VIOLATED)

max fanout

Pin                                   Limit Fanout  Slack
---------------------------------------------------------
wire658/X                                18     79    -61 (VIOLATED)
fanout1347/X                             18     43    -25 (VIOLATED)
fanout2225/X                             18     43    -25 (VIOLATED)
mgmt_buffers.mprj_logic_high_inst/HI[187]     18     41    -23 (VIOLATED)
mgmt_buffers.mprj_logic_high_inst/HI[393]     18     31    -13 (VIOLATED)
mgmt_buffers.mprj_logic_high_inst/HI[456]     18     31    -13 (VIOLATED)
_36158_/Q                                18     29    -11 (VIOLATED)
mgmt_buffers.mprj_logic_high_inst/HI[180]     18     29    -11 (VIOLATED)
_36350_/Q                                18     27     -9 (VIOLATED)
mgmt_buffers.mprj_logic_high_inst/HI[178]     18     26     -8 (VIOLATED)
mgmt_buffers.user_wb_dat_gates[20]/Y     18     26     -8 (VIOLATED)
mgmt_buffers.mprj_logic_high_inst/HI[163]     18     23     -5 (VIOLATED)
mgmt_buffers.mprj_logic_high_inst/HI[398]     18     23     -5 (VIOLATED)
mgmt_buffers.mprj_logic_high_inst/HI[424]     18     23     -5 (VIOLATED)
mgmt_buffers.mprj_logic_high_inst/HI[454]     18     23     -5 (VIOLATED)
mgmt_buffers.mprj_logic_high_inst/HI[457]     18     23     -5 (VIOLATED)
wire1635/X                               18     23     -5 (VIOLATED)
fanout592/X                              18     22     -4 (VIOLATED)
fanout1039/X                             18     21     -3 (VIOLATED)
fanout2238/X                             18     21     -3 (VIOLATED)
fanout2437/X                             18     21     -3 (VIOLATED)
mgmt_buffers.mprj_logic_high_inst/HI[280]     18     21     -3 (VIOLATED)
_22578_/X                                18     20     -2 (VIOLATED)
fanout1014/X                             18     20     -2 (VIOLATED)
fanout1068/X                             18     20     -2 (VIOLATED)
fanout1148/X                             18     20     -2 (VIOLATED)
fanout1150/X                             18     20     -2 (VIOLATED)
fanout1218/X                             18     20     -2 (VIOLATED)
fanout1339/X                             18     20     -2 (VIOLATED)
fanout1341/X                             18     20     -2 (VIOLATED)
fanout1726/X                             18     20     -2 (VIOLATED)
fanout2236/X                             18     20     -2 (VIOLATED)
fanout2241/X                             18     20     -2 (VIOLATED)
fanout2358/X                             18     20     -2 (VIOLATED)
fanout2428/X                             18     20     -2 (VIOLATED)
fanout2441/X                             18     20     -2 (VIOLATED)
fanout759/X                              18     20     -2 (VIOLATED)
fanout980/X                              18     20     -2 (VIOLATED)
mgmt_buffers.mprj_logic_high_inst/HI[271]     18     20     -2 (VIOLATED)
wire1223/X                               18     20     -2 (VIOLATED)
fanout1009/X                             18     19        (VIOLATED)
fanout1012/X                             18     19        (VIOLATED)
fanout1013/X                             18     19        (VIOLATED)
fanout1015/X                             18     19        (VIOLATED)
fanout1016/X                             18     19        (VIOLATED)
fanout1107/X                             18     19        (VIOLATED)
fanout1111/X                             18     19        (VIOLATED)
fanout1115/X                             18     19        (VIOLATED)
fanout1145/X                             18     19        (VIOLATED)
fanout1202/X                             18     19        (VIOLATED)
fanout1204/X                             18     19        (VIOLATED)
fanout1345/X                             18     19        (VIOLATED)
fanout1348/X                             18     19        (VIOLATED)
fanout1704/X                             18     19        (VIOLATED)
fanout1708/X                             18     19        (VIOLATED)
fanout1716/X                             18     19        (VIOLATED)
fanout1718/X                             18     19        (VIOLATED)
fanout1720/X                             18     19        (VIOLATED)
fanout1724/X                             18     19        (VIOLATED)
fanout1805/X                             18     19        (VIOLATED)
fanout2172/X                             18     19        (VIOLATED)
fanout2174/X                             18     19        (VIOLATED)
fanout2247/X                             18     19        (VIOLATED)
fanout2256/X                             18     19        (VIOLATED)
fanout2260/X                             18     19        (VIOLATED)
fanout2268/X                             18     19        (VIOLATED)
fanout2355/X                             18     19        (VIOLATED)
fanout2367/X                             18     19        (VIOLATED)
fanout2393/X                             18     19        (VIOLATED)
fanout2402/X                             18     19        (VIOLATED)
fanout2403/X                             18     19        (VIOLATED)
fanout2443/X                             18     19        (VIOLATED)
fanout2445/X                             18     19        (VIOLATED)
fanout2456/X                             18     19        (VIOLATED)
fanout2460/X                             18     19        (VIOLATED)
fanout2465/X                             18     19        (VIOLATED)
fanout2511/X                             18     19        (VIOLATED)
fanout2521/X                             18     19        (VIOLATED)
fanout598/X                              18     19        (VIOLATED)
fanout824/X                              18     19        (VIOLATED)
fanout826/X                              18     19        (VIOLATED)
fanout828/X                              18     19        (VIOLATED)
fanout830/X                              18     19        (VIOLATED)
fanout916/X                              18     19        (VIOLATED)
fanout931/X                              18     19        (VIOLATED)
fanout953/X                              18     19        (VIOLATED)
fanout958/X                              18     19        (VIOLATED)
mgmt_buffers.mprj_logic_high_inst/HI[143]     18     19        (VIOLATED)
mgmt_buffers.mprj_logic_high_inst/HI[183]     18     19        (VIOLATED)
mgmt_buffers.mprj_logic_high_inst/HI[304]     18     19        (VIOLATED)
mgmt_buffers.mprj_logic_high_inst/HI[365]     18     19        (VIOLATED)
mgmt_buffers.mprj_logic_high_inst/HI[366]     18     19        (VIOLATED)
mgmt_buffers.mprj_logic_high_inst/HI[397]     18     19        (VIOLATED)
mgmt_buffers.mprj_logic_high_inst/HI[432]     18     19        (VIOLATED)
mgmt_buffers.mprj_logic_high_inst/HI[435]     18     19        (VIOLATED)
mgmt_buffers.mprj_logic_high_inst/HI[451]     18     19        (VIOLATED)
wire1216/X                               18     19        (VIOLATED)
wire1383/X                               18     19        (VIOLATED)
wire2384/X                               18     19        (VIOLATED)
wire525/X                                18     19        (VIOLATED)


===========================================================================
max slew violation count 38
max fanout violation count 100
max cap violation count 0
============================================================================
