****************************************
Report : global_timing
	-format { narrow }
	-separate_all_groups
Design : caravan
Version: T-2022.03-SP3
Date   : Sun Oct 30 14:32:15 2022
****************************************

Setup violations for paths in **clock_gating_default**
--------------------------------------------------------------
          Total   reg->reg    in->reg   reg->out    in->out
--------------------------------------------------------------
WNS     -5.6883    -5.6883     0.0000     0.0000     0.0000
TNS  -6723.0423 -6723.0423     0.0000     0.0000     0.0000
NUM        1536       1536          0          0          0
--------------------------------------------------------------

Setup violations for paths in clk
--------------------------------------------------------------
          Total   reg->reg    in->reg   reg->out    in->out
--------------------------------------------------------------
WNS    -13.2922   -13.2922     0.0000   -10.1443     0.0000
TNS  -3305.5171 -3282.7356     0.0000   -22.7815     0.0000
NUM         675        672          0          3          0
--------------------------------------------------------------


1
