****************************************
Report : constraint
	-all_violators
	-path slack_only
Design : digital_pll
Version: T-2022.03-SP3
Date   : Sun Oct 16 19:38:06 2022
****************************************




   max_transition

                             Required        Actual
   Pin                      Transition     Transition        Slack
   -----------------------------------------------------------------
   ANTENNA__352__A_N/DIODE    0.7500         1.1296        -0.3796  (VIOLATED)
   _352_/A_N                  0.7500         1.1296        -0.3796  (VIOLATED)
   ANTENNA__364__A/DIODE      0.7500         1.1296        -0.3796  (VIOLATED)
   ANTENNA__369__A/DIODE      0.7500         1.1296        -0.3796  (VIOLATED)
   ANTENNA__353__A1/DIODE     0.7500         1.1296        -0.3796  (VIOLATED)
   ANTENNA__366__A/DIODE      0.7500         1.1296        -0.3796  (VIOLATED)
   _353_/A1                   0.7500         1.1296        -0.3796  (VIOLATED)
   _369_/A                    0.7500         1.1296        -0.3796  (VIOLATED)
   _364_/A                    0.7500         1.1296        -0.3796  (VIOLATED)
   _366_/A                    0.7500         1.1296        -0.3796  (VIOLATED)
   ANTENNA__358__A/DIODE      0.7500         1.1296        -0.3796  (VIOLATED)
   ANTENNA__372__A/DIODE      0.7500         1.1296        -0.3796  (VIOLATED)
   _358_/A                    0.7500         1.1296        -0.3796  (VIOLATED)
   _372_/A                    0.7500         1.1296        -0.3796  (VIOLATED)
   ANTENNA__373__A/DIODE      0.7500         1.1296        -0.3796  (VIOLATED)
   _373_/A                    0.7500         1.1296        -0.3796  (VIOLATED)
   ANTENNA__367__A/DIODE      0.7500         1.1296        -0.3796  (VIOLATED)
   ANTENNA__368__A/DIODE      0.7500         1.1296        -0.3796  (VIOLATED)
   _368_/A                    0.7500         1.1296        -0.3796  (VIOLATED)
   _367_/A                    0.7500         1.1295        -0.3795  (VIOLATED)
   _371_/A                    0.7500         1.1295        -0.3795  (VIOLATED)
   ANTENNA__371__A/DIODE      0.7500         1.1295        -0.3795  (VIOLATED)
   _356_/A                    0.7500         1.1295        -0.3795  (VIOLATED)
   ANTENNA__351__A1/DIODE     0.7500         1.1295        -0.3795  (VIOLATED)
   ANTENNA__354__A1/DIODE     0.7500         1.1294        -0.3794  (VIOLATED)
   _354_/A1                   0.7500         1.1294        -0.3794  (VIOLATED)
   _351_/A1                   0.7500         1.1294        -0.3794  (VIOLATED)
   ANTENNA__361__A/DIODE      0.7500         1.1294        -0.3794  (VIOLATED)
   _361_/A                    0.7500         1.1294        -0.3794  (VIOLATED)
   ANTENNA__296__B/DIODE      0.7500         1.1294        -0.3794  (VIOLATED)
   ANTENNA__334__B2/DIODE     0.7500         1.1294        -0.3794  (VIOLATED)
   _357_/A                    0.7500         1.1294        -0.3794  (VIOLATED)
   _334_/B2                   0.7500         1.1294        -0.3794  (VIOLATED)
   ANTENNA__357__A/DIODE      0.7500         1.1293        -0.3793  (VIOLATED)
   ANTENNA__374__A/DIODE      0.7500         1.1293        -0.3793  (VIOLATED)
   _296_/B                    0.7500         1.1293        -0.3793  (VIOLATED)
   _348_/A1                   0.7500         1.1293        -0.3793  (VIOLATED)
   ANTENNA__348__A1/DIODE     0.7500         1.1292        -0.3792  (VIOLATED)
   ANTENNA__356__A/DIODE      0.7500         1.1292        -0.3792  (VIOLATED)
   ANTENNA__360__A/DIODE      0.7500         1.1292        -0.3792  (VIOLATED)
   _360_/A                    0.7500         1.1292        -0.3792  (VIOLATED)
   _350_/B2                   0.7500         1.1292        -0.3792  (VIOLATED)
   ANTENNA__342__A1/DIODE     0.7500         1.1292        -0.3792  (VIOLATED)
   _342_/A1                   0.7500         1.1292        -0.3792  (VIOLATED)
   ANTENNA__337__A1/DIODE     0.7500         1.1292        -0.3792  (VIOLATED)
   _337_/A1                   0.7500         1.1292        -0.3792  (VIOLATED)
   ANTENNA__343__A1/DIODE     0.7500         1.1292        -0.3792  (VIOLATED)
   _341_/B2                   0.7500         1.1292        -0.3792  (VIOLATED)
   ANTENNA__341__B2/DIODE     0.7500         1.1292        -0.3792  (VIOLATED)
   ANTENNA__350__B2/DIODE     0.7500         1.1291        -0.3791  (VIOLATED)
   _359_/A                    0.7500         1.1290        -0.3790  (VIOLATED)
   ANTENNA__359__A/DIODE      0.7500         1.1290        -0.3790  (VIOLATED)
   ANTENNA__365__A/DIODE      0.7500         1.1285        -0.3785  (VIOLATED)
   ANTENNA__362__A/DIODE      0.7500         1.1282        -0.3782  (VIOLATED)
   _362_/A                    0.7500         1.1282        -0.3782  (VIOLATED)
   _365_/A                    0.7500         1.1282        -0.3782  (VIOLATED)
   ANTENNA__376__A/DIODE      0.7500         1.1281        -0.3781  (VIOLATED)
   _376_/A                    0.7500         1.1281        -0.3781  (VIOLATED)
   ANTENNA__375__A/DIODE      0.7500         1.1281        -0.3781  (VIOLATED)
   ANTENNA__370__A/DIODE      0.7500         1.1280        -0.3780  (VIOLATED)
   _374_/A                    0.7500         1.1280        -0.3780  (VIOLATED)
   _375_/A                    0.7500         1.1280        -0.3780  (VIOLATED)
   _370_/A                    0.7500         1.1276        -0.3776  (VIOLATED)
   ANTENNA__319__A1/DIODE     0.7500         1.1275        -0.3775  (VIOLATED)
   ANTENNA__288__A/DIODE      0.7500         1.1275        -0.3775  (VIOLATED)
   ANTENNA__363__A/DIODE      0.7500         1.1275        -0.3775  (VIOLATED)
   ANTENNA__326__A1/DIODE     0.7500         1.1275        -0.3775  (VIOLATED)
   _314_/A1                   0.7500         1.1275        -0.3775  (VIOLATED)
   _317_/A1                   0.7500         1.1275        -0.3775  (VIOLATED)
   _363_/A                    0.7500         1.1275        -0.3775  (VIOLATED)
   _288_/A                    0.7500         1.1275        -0.3775  (VIOLATED)
   _319_/A1                   0.7500         1.1274        -0.3774  (VIOLATED)
   _293_/A_N                  0.7500         1.1274        -0.3774  (VIOLATED)
   ANTENNA__346__B2/DIODE     0.7500         1.1274        -0.3774  (VIOLATED)
   _326_/A1                   0.7500         1.1274        -0.3774  (VIOLATED)
   ANTENNA__293__A_N/DIODE    0.7500         1.1273        -0.3773  (VIOLATED)
   ANTENNA__377__A/DIODE      0.7500         1.1273        -0.3773  (VIOLATED)
   ANTENNA__314__A1/DIODE     0.7500         1.1273        -0.3773  (VIOLATED)
   ANTENNA__312__A1/DIODE     0.7500         1.1272        -0.3772  (VIOLATED)
   _377_/A                    0.7500         1.1272        -0.3772  (VIOLATED)
   _312_/A1                   0.7500         1.1272        -0.3772  (VIOLATED)
   _346_/B2                   0.7500         1.1272        -0.3772  (VIOLATED)
   _343_/A1                   0.7500         1.1272        -0.3772  (VIOLATED)
   _310_/A1                   0.7500         1.1272        -0.3772  (VIOLATED)
   ANTENNA__310__A1/DIODE     0.7500         1.1272        -0.3772  (VIOLATED)
   _309_/A1                   0.7500         1.1272        -0.3772  (VIOLATED)
   _295_/A1                   0.7500         1.1268        -0.3768  (VIOLATED)
   ANTENNA__295__A1/DIODE     0.7500         1.1267        -0.3767  (VIOLATED)
   _305_/A1                   0.7500         1.1267        -0.3767  (VIOLATED)
   ANTENNA__299__A1/DIODE     0.7500         1.1267        -0.3767  (VIOLATED)
   _299_/A1                   0.7500         1.1267        -0.3767  (VIOLATED)
   _289_/A2                   0.7500         1.1267        -0.3767  (VIOLATED)
   ANTENNA__300__A1/DIODE     0.7500         1.1267        -0.3767  (VIOLATED)
   _300_/A1                   0.7500         1.1267        -0.3767  (VIOLATED)
   ANTENNA__306__A1/DIODE     0.7500         1.1266        -0.3766  (VIOLATED)
   ANTENNA__305__A1/DIODE     0.7500         1.1266        -0.3766  (VIOLATED)
   ANTENNA__313__B/DIODE      0.7500         1.1266        -0.3766  (VIOLATED)
   _302_/A1                   0.7500         1.1266        -0.3766  (VIOLATED)
   ANTENNA__316__B2/DIODE     0.7500         1.1266        -0.3766  (VIOLATED)
   ANTENNA__317__A1/DIODE     0.7500         1.1266        -0.3766  (VIOLATED)
   ANTENNA__309__A1/DIODE     0.7500         1.1265        -0.3765  (VIOLATED)
   _306_/A1                   0.7500         1.1265        -0.3765  (VIOLATED)
   _316_/B2                   0.7500         1.1265        -0.3765  (VIOLATED)
   _313_/B                    0.7500         1.1264        -0.3764  (VIOLATED)
   ANTENNA__302__A1/DIODE     0.7500         1.1262        -0.3762  (VIOLATED)
   ANTENNA__378__A/DIODE      0.7500         1.1261        -0.3761  (VIOLATED)
   _378_/A                    0.7500         1.1259        -0.3759  (VIOLATED)
   ANTENNA__289__A2/DIODE     0.7500         1.1252        -0.3752  (VIOLATED)
   dco                        0.7500         1.1246        -0.3746  (VIOLATED)


1
