
===========================================================================
report_checks -path_delay min (Hold)
============================================================================
Startpoint: _36501_ (rising edge-triggered flip-flop clocked by clk)
Endpoint: _35895_ (rising edge-triggered flip-flop clocked by clk)
Path Group: clk
Path Type: min

Fanout     Cap    Slew   Delay    Time   Description
-----------------------------------------------------------------------------
                          0.00    0.00   clock clk (rise edge)
                          0.00    0.00   clock source latency
                  0.24    0.00    0.00 ^ clock_ctrl/core_clk (caravel_clocking)
     2    0.24                           mgmt_buffers.caravel_clk (net)
                  0.24    0.00    0.00 ^ clkbuf_0_mgmt_buffers.caravel_clk/A (sky130_fd_sc_hd__clkbuf_16)
                  0.11    0.22    0.23 ^ clkbuf_0_mgmt_buffers.caravel_clk/X (sky130_fd_sc_hd__clkbuf_16)
     4    0.09                           clknet_0_mgmt_buffers.caravel_clk (net)
                  0.11    0.01    0.24 ^ clkbuf_1_0_0_mgmt_buffers.caravel_clk/A (sky130_fd_sc_hd__clkbuf_8)
                  0.15    0.22    0.46 ^ clkbuf_1_0_0_mgmt_buffers.caravel_clk/X (sky130_fd_sc_hd__clkbuf_8)
     4    0.08                           clknet_1_0_0_mgmt_buffers.caravel_clk (net)
                  0.16    0.02    0.48 ^ clkbuf_2_1_0_mgmt_buffers.caravel_clk/A (sky130_fd_sc_hd__clkbuf_8)
                  0.17    0.24    0.71 ^ clkbuf_2_1_0_mgmt_buffers.caravel_clk/X (sky130_fd_sc_hd__clkbuf_8)
     4    0.09                           clknet_2_1_0_mgmt_buffers.caravel_clk (net)
                  0.17    0.02    0.73 ^ clkbuf_3_3_0_mgmt_buffers.caravel_clk/A (sky130_fd_sc_hd__clkbuf_8)
                  0.17    0.24    0.98 ^ clkbuf_3_3_0_mgmt_buffers.caravel_clk/X (sky130_fd_sc_hd__clkbuf_8)
     8    0.09                           clknet_3_3_0_mgmt_buffers.caravel_clk (net)
                  0.17    0.01    0.99 ^ clkbuf_5_13_0_mgmt_buffers.caravel_clk/A (sky130_fd_sc_hd__clkbuf_8)
                  0.12    0.22    1.21 ^ clkbuf_5_13_0_mgmt_buffers.caravel_clk/X (sky130_fd_sc_hd__clkbuf_8)
     8    0.06                           clknet_5_13_0_mgmt_buffers.caravel_clk (net)
                  0.12    0.00    1.21 ^ clkbuf_7_53__f_mgmt_buffers.caravel_clk/A (sky130_fd_sc_hd__clkbuf_16)
                  0.14    0.21    1.42 ^ clkbuf_7_53__f_mgmt_buffers.caravel_clk/X (sky130_fd_sc_hd__clkbuf_16)
    14    0.13                           clknet_7_53__leaf_mgmt_buffers.caravel_clk (net)
                  0.15    0.03    1.44 ^ clkbuf_leaf_453_mgmt_buffers.caravel_clk/A (sky130_fd_sc_hd__clkbuf_16)
                  0.05    0.16    1.61 ^ clkbuf_leaf_453_mgmt_buffers.caravel_clk/X (sky130_fd_sc_hd__clkbuf_16)
     6    0.03                           clknet_leaf_453_mgmt_buffers.caravel_clk (net)
                  0.05    0.00    1.61 ^ _36501_/CLK (sky130_fd_sc_hd__dfxtp_4)
                  0.12    0.39    1.99 ^ _36501_/Q (sky130_fd_sc_hd__dfxtp_4)
     4    0.04                           soc.core.VexRiscv.IBusCachedPlugin_cache.lineLoader_address[20] (net)
                  0.12    0.00    1.99 ^ hold1032/A (sky130_fd_sc_hd__clkbuf_4)
                  0.12    0.21    2.20 ^ hold1032/X (sky130_fd_sc_hd__clkbuf_4)
     6    0.04                           net3755 (net)
                  0.12    0.00    2.20 ^ _29454_/A1 (sky130_fd_sc_hd__mux2_8)
                  0.07    0.19    2.39 ^ _29454_/X (sky130_fd_sc_hd__mux2_8)
     2    0.03                           _09556_ (net)
                  0.07    0.00    2.40 ^ hold4187/A (sky130_fd_sc_hd__clkdlybuf4s15_2)
                  0.03    0.18    2.58 ^ hold4187/X (sky130_fd_sc_hd__clkdlybuf4s15_2)
     1    0.00                           net6910 (net)
                  0.03    0.00    2.58 ^ _35895_/D (sky130_fd_sc_hd__dfxtp_4)
                                  2.58   data arrival time

                          0.00    0.00   clock clk (rise edge)
                          0.00    0.00   clock source latency
                  0.25    0.00    0.00 ^ clock_ctrl/core_clk (caravel_clocking)
     2    0.24                           mgmt_buffers.caravel_clk (net)
                  0.25    0.00    0.00 ^ clkbuf_0_mgmt_buffers.caravel_clk/A (sky130_fd_sc_hd__clkbuf_16)
                  0.11    0.24    0.25 ^ clkbuf_0_mgmt_buffers.caravel_clk/X (sky130_fd_sc_hd__clkbuf_16)
     4    0.09                           clknet_0_mgmt_buffers.caravel_clk (net)
                  0.11    0.01    0.26 ^ clkbuf_1_0_0_mgmt_buffers.caravel_clk/A (sky130_fd_sc_hd__clkbuf_8)
                  0.15    0.23    0.50 ^ clkbuf_1_0_0_mgmt_buffers.caravel_clk/X (sky130_fd_sc_hd__clkbuf_8)
     4    0.08                           clknet_1_0_0_mgmt_buffers.caravel_clk (net)
                  0.16    0.02    0.52 ^ clkbuf_2_1_0_mgmt_buffers.caravel_clk/A (sky130_fd_sc_hd__clkbuf_8)
                  0.17    0.26    0.77 ^ clkbuf_2_1_0_mgmt_buffers.caravel_clk/X (sky130_fd_sc_hd__clkbuf_8)
     4    0.09                           clknet_2_1_0_mgmt_buffers.caravel_clk (net)
                  0.17    0.02    0.79 ^ clkbuf_3_3_0_mgmt_buffers.caravel_clk/A (sky130_fd_sc_hd__clkbuf_8)
                  0.17    0.26    1.05 ^ clkbuf_3_3_0_mgmt_buffers.caravel_clk/X (sky130_fd_sc_hd__clkbuf_8)
     8    0.09                           clknet_3_3_0_mgmt_buffers.caravel_clk (net)
                  0.17    0.01    1.07 ^ clkbuf_5_13_0_mgmt_buffers.caravel_clk/A (sky130_fd_sc_hd__clkbuf_8)
                  0.12    0.23    1.30 ^ clkbuf_5_13_0_mgmt_buffers.caravel_clk/X (sky130_fd_sc_hd__clkbuf_8)
     8    0.06                           clknet_5_13_0_mgmt_buffers.caravel_clk (net)
                  0.12    0.01    1.31 ^ clkbuf_7_53__f_mgmt_buffers.caravel_clk/A (sky130_fd_sc_hd__clkbuf_16)
                  0.14    0.22    1.53 ^ clkbuf_7_53__f_mgmt_buffers.caravel_clk/X (sky130_fd_sc_hd__clkbuf_16)
    14    0.13                           clknet_7_53__leaf_mgmt_buffers.caravel_clk (net)
                  0.15    0.03    1.56 ^ clkbuf_leaf_458_mgmt_buffers.caravel_clk/A (sky130_fd_sc_hd__clkbuf_16)
                  0.22    0.26    1.81 ^ clkbuf_leaf_458_mgmt_buffers.caravel_clk/X (sky130_fd_sc_hd__clkbuf_16)
    16    0.23                           clknet_leaf_458_mgmt_buffers.caravel_clk (net)
                  0.34    0.13    1.95 ^ _35895_/CLK (sky130_fd_sc_hd__dfxtp_4)
                          0.10    2.05   clock uncertainty
                         -0.11    1.94   clock reconvergence pessimism
                          0.01    1.95   library hold time
                                  1.95   data required time
-----------------------------------------------------------------------------
                                  1.95   data required time
                                 -2.58   data arrival time
-----------------------------------------------------------------------------
                                  0.63   slack (MET)


Startpoint: _33185_ (rising edge-triggered flip-flop clocked by clk)
Endpoint: _33185_ (rising edge-triggered flip-flop clocked by clk)
Path Group: clk
Path Type: min

Fanout     Cap    Slew   Delay    Time   Description
-----------------------------------------------------------------------------
                          0.00    0.00   clock clk (rise edge)
                          0.00    0.00   clock source latency
                  0.24    0.00    0.00 ^ clock_ctrl/core_clk (caravel_clocking)
     2    0.24                           mgmt_buffers.caravel_clk (net)
                  0.24    0.00    0.00 ^ clkbuf_0_mgmt_buffers.caravel_clk/A (sky130_fd_sc_hd__clkbuf_16)
                  0.11    0.22    0.23 ^ clkbuf_0_mgmt_buffers.caravel_clk/X (sky130_fd_sc_hd__clkbuf_16)
     4    0.09                           clknet_0_mgmt_buffers.caravel_clk (net)
                  0.11    0.01    0.24 ^ clkbuf_1_1_0_mgmt_buffers.caravel_clk/A (sky130_fd_sc_hd__clkbuf_8)
                  0.14    0.21    0.45 ^ clkbuf_1_1_0_mgmt_buffers.caravel_clk/X (sky130_fd_sc_hd__clkbuf_8)
     4    0.08                           clknet_1_1_0_mgmt_buffers.caravel_clk (net)
                  0.15    0.01    0.47 ^ clkbuf_2_2_0_mgmt_buffers.caravel_clk/A (sky130_fd_sc_hd__clkbuf_8)
                  0.11    0.20    0.67 ^ clkbuf_2_2_0_mgmt_buffers.caravel_clk/X (sky130_fd_sc_hd__clkbuf_8)
     4    0.06                           clknet_2_2_0_mgmt_buffers.caravel_clk (net)
                  0.11    0.01    0.68 ^ clkbuf_3_5_0_mgmt_buffers.caravel_clk/A (sky130_fd_sc_hd__clkbuf_8)
                  0.15    0.22    0.90 ^ clkbuf_3_5_0_mgmt_buffers.caravel_clk/X (sky130_fd_sc_hd__clkbuf_8)
     8    0.08                           clknet_3_5_0_mgmt_buffers.caravel_clk (net)
                  0.15    0.01    0.91 ^ clkbuf_5_21_0_mgmt_buffers.caravel_clk/A (sky130_fd_sc_hd__clkbuf_8)
                  0.14    0.23    1.14 ^ clkbuf_5_21_0_mgmt_buffers.caravel_clk/X (sky130_fd_sc_hd__clkbuf_8)
     8    0.08                           clknet_5_21_0_mgmt_buffers.caravel_clk (net)
                  0.14    0.01    1.15 ^ clkbuf_7_84__f_mgmt_buffers.caravel_clk/A (sky130_fd_sc_hd__clkbuf_16)
                  0.08    0.18    1.33 ^ clkbuf_7_84__f_mgmt_buffers.caravel_clk/X (sky130_fd_sc_hd__clkbuf_16)
    12    0.06                           clknet_7_84__leaf_mgmt_buffers.caravel_clk (net)
                  0.08    0.00    1.34 ^ clkbuf_leaf_909_mgmt_buffers.caravel_clk/A (sky130_fd_sc_hd__clkbuf_16)
                  0.03    0.12    1.46 ^ clkbuf_leaf_909_mgmt_buffers.caravel_clk/X (sky130_fd_sc_hd__clkbuf_16)
     3    0.01                           clknet_leaf_909_mgmt_buffers.caravel_clk (net)
                  0.03    0.00    1.46 ^ _33185_/CLK (sky130_fd_sc_hd__dfxtp_2)
                  0.06    0.31    1.77 ^ _33185_/Q (sky130_fd_sc_hd__dfxtp_2)
     2    0.01                           soc.core.dbg_uart_rx_phase[0] (net)
                  0.06    0.00    1.77 ^ hold5885/A (sky130_fd_sc_hd__buf_4)
                  0.10    0.15    1.93 ^ hold5885/X (sky130_fd_sc_hd__buf_4)
     7    0.03                           net8608 (net)
                  0.10    0.00    1.93 ^ _24977_/A (sky130_fd_sc_hd__nor2_2)
                  0.03    0.05    1.98 v _24977_/Y (sky130_fd_sc_hd__nor2_2)
     1    0.00                           _07295_ (net)
                  0.03    0.00    1.98 v hold5886/A (sky130_fd_sc_hd__clkdlybuf4s15_2)
                  0.02    0.18    2.15 v hold5886/X (sky130_fd_sc_hd__clkdlybuf4s15_2)
     1    0.00                           net8609 (net)
                  0.02    0.00    2.15 v _33185_/D (sky130_fd_sc_hd__dfxtp_2)
                                  2.15   data arrival time

                          0.00    0.00   clock clk (rise edge)
                          0.00    0.00   clock source latency
                  0.25    0.00    0.00 ^ clock_ctrl/core_clk (caravel_clocking)
     2    0.24                           mgmt_buffers.caravel_clk (net)
                  0.25    0.00    0.00 ^ clkbuf_0_mgmt_buffers.caravel_clk/A (sky130_fd_sc_hd__clkbuf_16)
                  0.11    0.24    0.25 ^ clkbuf_0_mgmt_buffers.caravel_clk/X (sky130_fd_sc_hd__clkbuf_16)
     4    0.09                           clknet_0_mgmt_buffers.caravel_clk (net)
                  0.11    0.02    0.26 ^ clkbuf_1_1_0_mgmt_buffers.caravel_clk/A (sky130_fd_sc_hd__clkbuf_8)
                  0.14    0.23    0.49 ^ clkbuf_1_1_0_mgmt_buffers.caravel_clk/X (sky130_fd_sc_hd__clkbuf_8)
     4    0.08                           clknet_1_1_0_mgmt_buffers.caravel_clk (net)
                  0.15    0.02    0.51 ^ clkbuf_2_2_0_mgmt_buffers.caravel_clk/A (sky130_fd_sc_hd__clkbuf_8)
                  0.11    0.22    0.73 ^ clkbuf_2_2_0_mgmt_buffers.caravel_clk/X (sky130_fd_sc_hd__clkbuf_8)
     4    0.06                           clknet_2_2_0_mgmt_buffers.caravel_clk (net)
                  0.11    0.01    0.74 ^ clkbuf_3_5_0_mgmt_buffers.caravel_clk/A (sky130_fd_sc_hd__clkbuf_8)
                  0.15    0.24    0.97 ^ clkbuf_3_5_0_mgmt_buffers.caravel_clk/X (sky130_fd_sc_hd__clkbuf_8)
     8    0.08                           clknet_3_5_0_mgmt_buffers.caravel_clk (net)
                  0.15    0.01    0.99 ^ clkbuf_5_21_0_mgmt_buffers.caravel_clk/A (sky130_fd_sc_hd__clkbuf_8)
                  0.14    0.24    1.23 ^ clkbuf_5_21_0_mgmt_buffers.caravel_clk/X (sky130_fd_sc_hd__clkbuf_8)
     8    0.08                           clknet_5_21_0_mgmt_buffers.caravel_clk (net)
                  0.14    0.01    1.24 ^ clkbuf_7_84__f_mgmt_buffers.caravel_clk/A (sky130_fd_sc_hd__clkbuf_16)
                  0.08    0.20    1.44 ^ clkbuf_7_84__f_mgmt_buffers.caravel_clk/X (sky130_fd_sc_hd__clkbuf_16)
    12    0.06                           clknet_7_84__leaf_mgmt_buffers.caravel_clk (net)
                  0.08    0.00    1.44 ^ clkbuf_leaf_909_mgmt_buffers.caravel_clk/A (sky130_fd_sc_hd__clkbuf_16)
                  0.03    0.13    1.58 ^ clkbuf_leaf_909_mgmt_buffers.caravel_clk/X (sky130_fd_sc_hd__clkbuf_16)
     3    0.01                           clknet_leaf_909_mgmt_buffers.caravel_clk (net)
                  0.03    0.00    1.58 ^ _33185_/CLK (sky130_fd_sc_hd__dfxtp_2)
                          0.10    1.68   clock uncertainty
                         -0.12    1.56   clock reconvergence pessimism
                         -0.04    1.52   library hold time
                                  1.52   data required time
-----------------------------------------------------------------------------
                                  1.52   data required time
                                 -2.15   data arrival time
-----------------------------------------------------------------------------
                                  0.63   slack (MET)


Startpoint: _35750_ (rising edge-triggered flip-flop clocked by clk)
Endpoint: _35750_ (rising edge-triggered flip-flop clocked by clk)
Path Group: clk
Path Type: min

Fanout     Cap    Slew   Delay    Time   Description
-----------------------------------------------------------------------------
                          0.00    0.00   clock clk (rise edge)
                          0.00    0.00   clock source latency
                  0.24    0.00    0.00 ^ clock_ctrl/core_clk (caravel_clocking)
     2    0.24                           mgmt_buffers.caravel_clk (net)
                  0.24    0.00    0.00 ^ clkbuf_0_mgmt_buffers.caravel_clk/A (sky130_fd_sc_hd__clkbuf_16)
                  0.11    0.22    0.23 ^ clkbuf_0_mgmt_buffers.caravel_clk/X (sky130_fd_sc_hd__clkbuf_16)
     4    0.09                           clknet_0_mgmt_buffers.caravel_clk (net)
                  0.11    0.01    0.24 ^ clkbuf_1_1_0_mgmt_buffers.caravel_clk/A (sky130_fd_sc_hd__clkbuf_8)
                  0.14    0.21    0.45 ^ clkbuf_1_1_0_mgmt_buffers.caravel_clk/X (sky130_fd_sc_hd__clkbuf_8)
     4    0.08                           clknet_1_1_0_mgmt_buffers.caravel_clk (net)
                  0.15    0.01    0.47 ^ clkbuf_2_2_0_mgmt_buffers.caravel_clk/A (sky130_fd_sc_hd__clkbuf_8)
                  0.11    0.20    0.67 ^ clkbuf_2_2_0_mgmt_buffers.caravel_clk/X (sky130_fd_sc_hd__clkbuf_8)
     4    0.06                           clknet_2_2_0_mgmt_buffers.caravel_clk (net)
                  0.11    0.01    0.68 ^ clkbuf_3_5_0_mgmt_buffers.caravel_clk/A (sky130_fd_sc_hd__clkbuf_8)
                  0.15    0.22    0.90 ^ clkbuf_3_5_0_mgmt_buffers.caravel_clk/X (sky130_fd_sc_hd__clkbuf_8)
     8    0.08                           clknet_3_5_0_mgmt_buffers.caravel_clk (net)
                  0.15    0.01    0.91 ^ clkbuf_5_21_0_mgmt_buffers.caravel_clk/A (sky130_fd_sc_hd__clkbuf_8)
                  0.14    0.23    1.14 ^ clkbuf_5_21_0_mgmt_buffers.caravel_clk/X (sky130_fd_sc_hd__clkbuf_8)
     8    0.08                           clknet_5_21_0_mgmt_buffers.caravel_clk (net)
                  0.14    0.01    1.15 ^ clkbuf_7_87__f_mgmt_buffers.caravel_clk/A (sky130_fd_sc_hd__clkbuf_16)
                  0.10    0.19    1.34 ^ clkbuf_7_87__f_mgmt_buffers.caravel_clk/X (sky130_fd_sc_hd__clkbuf_16)
    12    0.08                           clknet_7_87__leaf_mgmt_buffers.caravel_clk (net)
                  0.10    0.01    1.35 ^ clkbuf_leaf_782_mgmt_buffers.caravel_clk/A (sky130_fd_sc_hd__clkbuf_16)
                  0.05    0.15    1.50 ^ clkbuf_leaf_782_mgmt_buffers.caravel_clk/X (sky130_fd_sc_hd__clkbuf_16)
    10    0.03                           clknet_leaf_782_mgmt_buffers.caravel_clk (net)
                  0.05    0.00    1.50 ^ _35750_/CLK (sky130_fd_sc_hd__dfxtp_2)
                  0.05    0.31    1.81 ^ _35750_/Q (sky130_fd_sc_hd__dfxtp_2)
     2    0.01                           soc.core.uart_phy_tx_phase[25] (net)
                  0.05    0.00    1.81 ^ hold3039/A (sky130_fd_sc_hd__clkbuf_4)
                  0.09    0.16    1.97 ^ hold3039/X (sky130_fd_sc_hd__clkbuf_4)
     5    0.02                           net5762 (net)
                  0.09    0.00    1.97 ^ _29287_/A1 (sky130_fd_sc_hd__a21oi_2)
                  0.02    0.05    2.02 v _29287_/Y (sky130_fd_sc_hd__a21oi_2)
     1    0.00                           _09411_ (net)
                  0.02    0.00    2.02 v hold3040/A (sky130_fd_sc_hd__clkdlybuf4s15_2)
                  0.03    0.18    2.20 v hold3040/X (sky130_fd_sc_hd__clkdlybuf4s15_2)
     1    0.00                           net5763 (net)
                  0.03    0.00    2.20 v _35750_/D (sky130_fd_sc_hd__dfxtp_2)
                                  2.20   data arrival time

                          0.00    0.00   clock clk (rise edge)
                          0.00    0.00   clock source latency
                  0.25    0.00    0.00 ^ clock_ctrl/core_clk (caravel_clocking)
     2    0.24                           mgmt_buffers.caravel_clk (net)
                  0.25    0.00    0.00 ^ clkbuf_0_mgmt_buffers.caravel_clk/A (sky130_fd_sc_hd__clkbuf_16)
                  0.11    0.24    0.25 ^ clkbuf_0_mgmt_buffers.caravel_clk/X (sky130_fd_sc_hd__clkbuf_16)
     4    0.09                           clknet_0_mgmt_buffers.caravel_clk (net)
                  0.11    0.02    0.26 ^ clkbuf_1_1_0_mgmt_buffers.caravel_clk/A (sky130_fd_sc_hd__clkbuf_8)
                  0.14    0.23    0.49 ^ clkbuf_1_1_0_mgmt_buffers.caravel_clk/X (sky130_fd_sc_hd__clkbuf_8)
     4    0.08                           clknet_1_1_0_mgmt_buffers.caravel_clk (net)
                  0.15    0.02    0.51 ^ clkbuf_2_2_0_mgmt_buffers.caravel_clk/A (sky130_fd_sc_hd__clkbuf_8)
                  0.11    0.22    0.73 ^ clkbuf_2_2_0_mgmt_buffers.caravel_clk/X (sky130_fd_sc_hd__clkbuf_8)
     4    0.06                           clknet_2_2_0_mgmt_buffers.caravel_clk (net)
                  0.11    0.01    0.74 ^ clkbuf_3_5_0_mgmt_buffers.caravel_clk/A (sky130_fd_sc_hd__clkbuf_8)
                  0.15    0.24    0.97 ^ clkbuf_3_5_0_mgmt_buffers.caravel_clk/X (sky130_fd_sc_hd__clkbuf_8)
     8    0.08                           clknet_3_5_0_mgmt_buffers.caravel_clk (net)
                  0.15    0.01    0.99 ^ clkbuf_5_21_0_mgmt_buffers.caravel_clk/A (sky130_fd_sc_hd__clkbuf_8)
                  0.14    0.24    1.23 ^ clkbuf_5_21_0_mgmt_buffers.caravel_clk/X (sky130_fd_sc_hd__clkbuf_8)
     8    0.08                           clknet_5_21_0_mgmt_buffers.caravel_clk (net)
                  0.14    0.01    1.24 ^ clkbuf_7_87__f_mgmt_buffers.caravel_clk/A (sky130_fd_sc_hd__clkbuf_16)
                  0.10    0.21    1.45 ^ clkbuf_7_87__f_mgmt_buffers.caravel_clk/X (sky130_fd_sc_hd__clkbuf_16)
    12    0.08                           clknet_7_87__leaf_mgmt_buffers.caravel_clk (net)
                  0.10    0.01    1.46 ^ clkbuf_leaf_782_mgmt_buffers.caravel_clk/A (sky130_fd_sc_hd__clkbuf_16)
                  0.05    0.16    1.62 ^ clkbuf_leaf_782_mgmt_buffers.caravel_clk/X (sky130_fd_sc_hd__clkbuf_16)
    10    0.03                           clknet_leaf_782_mgmt_buffers.caravel_clk (net)
                  0.05    0.00    1.62 ^ _35750_/CLK (sky130_fd_sc_hd__dfxtp_2)
                          0.10    1.72   clock uncertainty
                         -0.12    1.60   clock reconvergence pessimism
                         -0.04    1.56   library hold time
                                  1.56   data required time
-----------------------------------------------------------------------------
                                  1.56   data required time
                                 -2.20   data arrival time
-----------------------------------------------------------------------------
                                  0.64   slack (MET)


Startpoint: _33211_ (rising edge-triggered flip-flop clocked by clk)
Endpoint: _33211_ (rising edge-triggered flip-flop clocked by clk)
Path Group: clk
Path Type: min

Fanout     Cap    Slew   Delay    Time   Description
-----------------------------------------------------------------------------
                          0.00    0.00   clock clk (rise edge)
                          0.00    0.00   clock source latency
                  0.24    0.00    0.00 ^ clock_ctrl/core_clk (caravel_clocking)
     2    0.24                           mgmt_buffers.caravel_clk (net)
                  0.24    0.00    0.00 ^ clkbuf_0_mgmt_buffers.caravel_clk/A (sky130_fd_sc_hd__clkbuf_16)
                  0.11    0.22    0.23 ^ clkbuf_0_mgmt_buffers.caravel_clk/X (sky130_fd_sc_hd__clkbuf_16)
     4    0.09                           clknet_0_mgmt_buffers.caravel_clk (net)
                  0.11    0.01    0.24 ^ clkbuf_1_1_0_mgmt_buffers.caravel_clk/A (sky130_fd_sc_hd__clkbuf_8)
                  0.14    0.21    0.45 ^ clkbuf_1_1_0_mgmt_buffers.caravel_clk/X (sky130_fd_sc_hd__clkbuf_8)
     4    0.08                           clknet_1_1_0_mgmt_buffers.caravel_clk (net)
                  0.15    0.01    0.47 ^ clkbuf_2_2_0_mgmt_buffers.caravel_clk/A (sky130_fd_sc_hd__clkbuf_8)
                  0.11    0.20    0.67 ^ clkbuf_2_2_0_mgmt_buffers.caravel_clk/X (sky130_fd_sc_hd__clkbuf_8)
     4    0.06                           clknet_2_2_0_mgmt_buffers.caravel_clk (net)
                  0.11    0.01    0.68 ^ clkbuf_3_5_0_mgmt_buffers.caravel_clk/A (sky130_fd_sc_hd__clkbuf_8)
                  0.15    0.22    0.90 ^ clkbuf_3_5_0_mgmt_buffers.caravel_clk/X (sky130_fd_sc_hd__clkbuf_8)
     8    0.08                           clknet_3_5_0_mgmt_buffers.caravel_clk (net)
                  0.15    0.01    0.91 ^ clkbuf_5_21_0_mgmt_buffers.caravel_clk/A (sky130_fd_sc_hd__clkbuf_8)
                  0.14    0.23    1.14 ^ clkbuf_5_21_0_mgmt_buffers.caravel_clk/X (sky130_fd_sc_hd__clkbuf_8)
     8    0.08                           clknet_5_21_0_mgmt_buffers.caravel_clk (net)
                  0.14    0.01    1.15 ^ clkbuf_7_84__f_mgmt_buffers.caravel_clk/A (sky130_fd_sc_hd__clkbuf_16)
                  0.08    0.18    1.33 ^ clkbuf_7_84__f_mgmt_buffers.caravel_clk/X (sky130_fd_sc_hd__clkbuf_16)
    12    0.06                           clknet_7_84__leaf_mgmt_buffers.caravel_clk (net)
                  0.08    0.01    1.34 ^ clkbuf_leaf_908_mgmt_buffers.caravel_clk/A (sky130_fd_sc_hd__clkbuf_16)
                  0.04    0.13    1.47 ^ clkbuf_leaf_908_mgmt_buffers.caravel_clk/X (sky130_fd_sc_hd__clkbuf_16)
     4    0.02                           clknet_leaf_908_mgmt_buffers.caravel_clk (net)
                  0.04    0.00    1.47 ^ _33211_/CLK (sky130_fd_sc_hd__dfxtp_2)
                  0.05    0.31    1.78 ^ _33211_/Q (sky130_fd_sc_hd__dfxtp_2)
     2    0.01                           soc.core.dbg_uart_rx_phase[26] (net)
                  0.05    0.00    1.78 ^ hold3731/A (sky130_fd_sc_hd__clkbuf_4)
                  0.09    0.16    1.94 ^ hold3731/X (sky130_fd_sc_hd__clkbuf_4)
     6    0.03                           net6454 (net)
                  0.09    0.00    1.94 ^ _25053_/A1 (sky130_fd_sc_hd__a21oi_2)
                  0.02    0.05    1.99 v _25053_/Y (sky130_fd_sc_hd__a21oi_2)
     1    0.00                           _07321_ (net)
                  0.02    0.00    1.99 v hold3732/A (sky130_fd_sc_hd__clkdlybuf4s15_2)
                  0.03    0.17    2.17 v hold3732/X (sky130_fd_sc_hd__clkdlybuf4s15_2)
     1    0.00                           net6455 (net)
                  0.03    0.00    2.17 v _33211_/D (sky130_fd_sc_hd__dfxtp_2)
                                  2.17   data arrival time

                          0.00    0.00   clock clk (rise edge)
                          0.00    0.00   clock source latency
                  0.25    0.00    0.00 ^ clock_ctrl/core_clk (caravel_clocking)
     2    0.24                           mgmt_buffers.caravel_clk (net)
                  0.25    0.00    0.00 ^ clkbuf_0_mgmt_buffers.caravel_clk/A (sky130_fd_sc_hd__clkbuf_16)
                  0.11    0.24    0.25 ^ clkbuf_0_mgmt_buffers.caravel_clk/X (sky130_fd_sc_hd__clkbuf_16)
     4    0.09                           clknet_0_mgmt_buffers.caravel_clk (net)
                  0.11    0.02    0.26 ^ clkbuf_1_1_0_mgmt_buffers.caravel_clk/A (sky130_fd_sc_hd__clkbuf_8)
                  0.14    0.23    0.49 ^ clkbuf_1_1_0_mgmt_buffers.caravel_clk/X (sky130_fd_sc_hd__clkbuf_8)
     4    0.08                           clknet_1_1_0_mgmt_buffers.caravel_clk (net)
                  0.15    0.02    0.51 ^ clkbuf_2_2_0_mgmt_buffers.caravel_clk/A (sky130_fd_sc_hd__clkbuf_8)
                  0.11    0.22    0.73 ^ clkbuf_2_2_0_mgmt_buffers.caravel_clk/X (sky130_fd_sc_hd__clkbuf_8)
     4    0.06                           clknet_2_2_0_mgmt_buffers.caravel_clk (net)
                  0.11    0.01    0.74 ^ clkbuf_3_5_0_mgmt_buffers.caravel_clk/A (sky130_fd_sc_hd__clkbuf_8)
                  0.15    0.24    0.97 ^ clkbuf_3_5_0_mgmt_buffers.caravel_clk/X (sky130_fd_sc_hd__clkbuf_8)
     8    0.08                           clknet_3_5_0_mgmt_buffers.caravel_clk (net)
                  0.15    0.01    0.99 ^ clkbuf_5_21_0_mgmt_buffers.caravel_clk/A (sky130_fd_sc_hd__clkbuf_8)
                  0.14    0.24    1.23 ^ clkbuf_5_21_0_mgmt_buffers.caravel_clk/X (sky130_fd_sc_hd__clkbuf_8)
     8    0.08                           clknet_5_21_0_mgmt_buffers.caravel_clk (net)
                  0.14    0.01    1.24 ^ clkbuf_7_84__f_mgmt_buffers.caravel_clk/A (sky130_fd_sc_hd__clkbuf_16)
                  0.08    0.20    1.44 ^ clkbuf_7_84__f_mgmt_buffers.caravel_clk/X (sky130_fd_sc_hd__clkbuf_16)
    12    0.06                           clknet_7_84__leaf_mgmt_buffers.caravel_clk (net)
                  0.08    0.01    1.44 ^ clkbuf_leaf_908_mgmt_buffers.caravel_clk/A (sky130_fd_sc_hd__clkbuf_16)
                  0.04    0.14    1.59 ^ clkbuf_leaf_908_mgmt_buffers.caravel_clk/X (sky130_fd_sc_hd__clkbuf_16)
     4    0.02                           clknet_leaf_908_mgmt_buffers.caravel_clk (net)
                  0.04    0.00    1.59 ^ _33211_/CLK (sky130_fd_sc_hd__dfxtp_2)
                          0.10    1.69   clock uncertainty
                         -0.12    1.57   clock reconvergence pessimism
                         -0.04    1.53   library hold time
                                  1.53   data required time
-----------------------------------------------------------------------------
                                  1.53   data required time
                                 -2.17   data arrival time
-----------------------------------------------------------------------------
                                  0.64   slack (MET)


Startpoint: _33209_ (rising edge-triggered flip-flop clocked by clk)
Endpoint: _33209_ (rising edge-triggered flip-flop clocked by clk)
Path Group: clk
Path Type: min

Fanout     Cap    Slew   Delay    Time   Description
-----------------------------------------------------------------------------
                          0.00    0.00   clock clk (rise edge)
                          0.00    0.00   clock source latency
                  0.24    0.00    0.00 ^ clock_ctrl/core_clk (caravel_clocking)
     2    0.24                           mgmt_buffers.caravel_clk (net)
                  0.24    0.00    0.00 ^ clkbuf_0_mgmt_buffers.caravel_clk/A (sky130_fd_sc_hd__clkbuf_16)
                  0.11    0.22    0.23 ^ clkbuf_0_mgmt_buffers.caravel_clk/X (sky130_fd_sc_hd__clkbuf_16)
     4    0.09                           clknet_0_mgmt_buffers.caravel_clk (net)
                  0.11    0.01    0.24 ^ clkbuf_1_1_0_mgmt_buffers.caravel_clk/A (sky130_fd_sc_hd__clkbuf_8)
                  0.14    0.21    0.45 ^ clkbuf_1_1_0_mgmt_buffers.caravel_clk/X (sky130_fd_sc_hd__clkbuf_8)
     4    0.08                           clknet_1_1_0_mgmt_buffers.caravel_clk (net)
                  0.15    0.01    0.47 ^ clkbuf_2_2_0_mgmt_buffers.caravel_clk/A (sky130_fd_sc_hd__clkbuf_8)
                  0.11    0.20    0.67 ^ clkbuf_2_2_0_mgmt_buffers.caravel_clk/X (sky130_fd_sc_hd__clkbuf_8)
     4    0.06                           clknet_2_2_0_mgmt_buffers.caravel_clk (net)
                  0.11    0.01    0.68 ^ clkbuf_3_5_0_mgmt_buffers.caravel_clk/A (sky130_fd_sc_hd__clkbuf_8)
                  0.15    0.22    0.90 ^ clkbuf_3_5_0_mgmt_buffers.caravel_clk/X (sky130_fd_sc_hd__clkbuf_8)
     8    0.08                           clknet_3_5_0_mgmt_buffers.caravel_clk (net)
                  0.15    0.01    0.91 ^ clkbuf_5_21_0_mgmt_buffers.caravel_clk/A (sky130_fd_sc_hd__clkbuf_8)
                  0.14    0.23    1.14 ^ clkbuf_5_21_0_mgmt_buffers.caravel_clk/X (sky130_fd_sc_hd__clkbuf_8)
     8    0.08                           clknet_5_21_0_mgmt_buffers.caravel_clk (net)
                  0.14    0.01    1.15 ^ clkbuf_7_84__f_mgmt_buffers.caravel_clk/A (sky130_fd_sc_hd__clkbuf_16)
                  0.08    0.18    1.33 ^ clkbuf_7_84__f_mgmt_buffers.caravel_clk/X (sky130_fd_sc_hd__clkbuf_16)
    12    0.06                           clknet_7_84__leaf_mgmt_buffers.caravel_clk (net)
                  0.08    0.01    1.34 ^ clkbuf_leaf_906_mgmt_buffers.caravel_clk/A (sky130_fd_sc_hd__clkbuf_16)
                  0.04    0.13    1.47 ^ clkbuf_leaf_906_mgmt_buffers.caravel_clk/X (sky130_fd_sc_hd__clkbuf_16)
     4    0.02                           clknet_leaf_906_mgmt_buffers.caravel_clk (net)
                  0.04    0.00    1.47 ^ _33209_/CLK (sky130_fd_sc_hd__dfxtp_2)
                  0.11    0.35    1.82 ^ _33209_/Q (sky130_fd_sc_hd__dfxtp_2)
     4    0.02                           soc.core.dbg_uart_rx_phase[24] (net)
                  0.11    0.00    1.82 ^ _25047_/A2 (sky130_fd_sc_hd__a21oi_2)
                  0.04    0.07    1.89 v _25047_/Y (sky130_fd_sc_hd__a21oi_2)
     1    0.00                           _12464_ (net)
                  0.04    0.00    1.89 v _25048_/B1 (sky130_fd_sc_hd__o41a_2)
                  0.02    0.10    1.99 v _25048_/X (sky130_fd_sc_hd__o41a_2)
     1    0.00                           _07319_ (net)
                  0.02    0.00    1.99 v hold2468/A (sky130_fd_sc_hd__clkdlybuf4s15_2)
                  0.03    0.18    2.17 v hold2468/X (sky130_fd_sc_hd__clkdlybuf4s15_2)
     1    0.00                           net5191 (net)
                  0.03    0.00    2.17 v _33209_/D (sky130_fd_sc_hd__dfxtp_2)
                                  2.17   data arrival time

                          0.00    0.00   clock clk (rise edge)
                          0.00    0.00   clock source latency
                  0.25    0.00    0.00 ^ clock_ctrl/core_clk (caravel_clocking)
     2    0.24                           mgmt_buffers.caravel_clk (net)
                  0.25    0.00    0.00 ^ clkbuf_0_mgmt_buffers.caravel_clk/A (sky130_fd_sc_hd__clkbuf_16)
                  0.11    0.24    0.25 ^ clkbuf_0_mgmt_buffers.caravel_clk/X (sky130_fd_sc_hd__clkbuf_16)
     4    0.09                           clknet_0_mgmt_buffers.caravel_clk (net)
                  0.11    0.02    0.26 ^ clkbuf_1_1_0_mgmt_buffers.caravel_clk/A (sky130_fd_sc_hd__clkbuf_8)
                  0.14    0.23    0.49 ^ clkbuf_1_1_0_mgmt_buffers.caravel_clk/X (sky130_fd_sc_hd__clkbuf_8)
     4    0.08                           clknet_1_1_0_mgmt_buffers.caravel_clk (net)
                  0.15    0.02    0.51 ^ clkbuf_2_2_0_mgmt_buffers.caravel_clk/A (sky130_fd_sc_hd__clkbuf_8)
                  0.11    0.22    0.73 ^ clkbuf_2_2_0_mgmt_buffers.caravel_clk/X (sky130_fd_sc_hd__clkbuf_8)
     4    0.06                           clknet_2_2_0_mgmt_buffers.caravel_clk (net)
                  0.11    0.01    0.74 ^ clkbuf_3_5_0_mgmt_buffers.caravel_clk/A (sky130_fd_sc_hd__clkbuf_8)
                  0.15    0.24    0.97 ^ clkbuf_3_5_0_mgmt_buffers.caravel_clk/X (sky130_fd_sc_hd__clkbuf_8)
     8    0.08                           clknet_3_5_0_mgmt_buffers.caravel_clk (net)
                  0.15    0.01    0.99 ^ clkbuf_5_21_0_mgmt_buffers.caravel_clk/A (sky130_fd_sc_hd__clkbuf_8)
                  0.14    0.24    1.23 ^ clkbuf_5_21_0_mgmt_buffers.caravel_clk/X (sky130_fd_sc_hd__clkbuf_8)
     8    0.08                           clknet_5_21_0_mgmt_buffers.caravel_clk (net)
                  0.14    0.01    1.24 ^ clkbuf_7_84__f_mgmt_buffers.caravel_clk/A (sky130_fd_sc_hd__clkbuf_16)
                  0.08    0.20    1.44 ^ clkbuf_7_84__f_mgmt_buffers.caravel_clk/X (sky130_fd_sc_hd__clkbuf_16)
    12    0.06                           clknet_7_84__leaf_mgmt_buffers.caravel_clk (net)
                  0.08    0.01    1.44 ^ clkbuf_leaf_906_mgmt_buffers.caravel_clk/A (sky130_fd_sc_hd__clkbuf_16)
                  0.04    0.14    1.59 ^ clkbuf_leaf_906_mgmt_buffers.caravel_clk/X (sky130_fd_sc_hd__clkbuf_16)
     4    0.02                           clknet_leaf_906_mgmt_buffers.caravel_clk (net)
                  0.04    0.00    1.59 ^ _33209_/CLK (sky130_fd_sc_hd__dfxtp_2)
                          0.10    1.69   clock uncertainty
                         -0.12    1.57   clock reconvergence pessimism
                         -0.04    1.53   library hold time
                                  1.53   data required time
-----------------------------------------------------------------------------
                                  1.53   data required time
                                 -2.17   data arrival time
-----------------------------------------------------------------------------
                                  0.64   slack (MET)


Startpoint: _37397_ (rising edge-triggered flip-flop clocked by hk_serial_clk)
Endpoint: _37398_ (rising edge-triggered flip-flop clocked by hk_serial_clk)
Path Group: hk_serial_clk
Path Type: min

Fanout     Cap    Slew   Delay    Time   Description
-----------------------------------------------------------------------------
                          0.00    0.00   clock hk_serial_clk (rise edge)
                          0.00    0.00   clock source latency
                  0.04    0.00    0.00 ^ housekeeping_alt/serial_clock (housekeeping_alt)
     3    0.02                           gpio_control_bidir_1[0].serial_clock (net)
                  0.04    0.00    0.00 ^ fanout2146/A (sky130_fd_sc_hd__buf_12)
                  0.22    0.19    0.19 ^ fanout2146/X (sky130_fd_sc_hd__buf_12)
    10    0.20                           net2146 (net)
                  0.27    0.08    0.27 ^ wire2148/A (sky130_fd_sc_hd__buf_6)
                  0.04    0.14    0.42 ^ wire2148/X (sky130_fd_sc_hd__buf_6)
     1    0.01                           net2148 (net)
                  0.04    0.00    0.42 ^ wire820/A (sky130_fd_sc_hd__buf_12)
                  0.29    0.16    0.58 ^ wire820/X (sky130_fd_sc_hd__buf_12)
     4    0.32                           net13299 (net)
                  0.67    0.30    0.88 ^ wire2147/A (sky130_fd_sc_hd__buf_12)
                  0.23    0.27    1.14 ^ wire2147/X (sky130_fd_sc_hd__buf_12)
     6    0.20                           net2147 (net)
                  0.32    0.11    1.25 ^ fanout2144/A (sky130_fd_sc_hd__buf_12)
                  0.19    0.22    1.47 ^ fanout2144/X (sky130_fd_sc_hd__buf_12)
    24    0.16                           net2144 (net)
                  0.23    0.06    1.54 ^ gpio_control_bidir_2[2].BUF[2]/A (sky130_fd_sc_hd__buf_6)
                  0.10    0.18    1.72 ^ gpio_control_bidir_2[2].BUF[2]/X (sky130_fd_sc_hd__buf_6)
     8    0.05                           gpio_control_bidir_2[1].serial_clock (net)
                  0.10    0.01    1.72 ^ gpio_control_bidir_2[1].BUF[2]/A (sky130_fd_sc_hd__buf_4)
                  0.11    0.17    1.89 ^ gpio_control_bidir_2[1].BUF[2]/X (sky130_fd_sc_hd__buf_4)
     8    0.04                           gpio_control_bidir_2[0].serial_clock (net)
                  0.11    0.00    1.90 ^ fanout1580/A (sky130_fd_sc_hd__buf_8)
                  0.15    0.18    2.08 ^ fanout1580/X (sky130_fd_sc_hd__buf_8)
    24    0.09                           net1580 (net)
                  0.15    0.01    2.09 ^ gpio_control_bidir_2[0].BUF[2]/A (sky130_fd_sc_hd__clkbuf_8)
                  0.20    0.26    2.35 ^ gpio_control_bidir_2[0].BUF[2]/X (sky130_fd_sc_hd__clkbuf_8)
    30    0.11                           gpio_control_bidir_2[0].serial_clock_out (net)
                  0.21    0.02    2.37 ^ gpio_control_in_2[9].BUF[2]/A (sky130_fd_sc_hd__buf_4)
                  0.10    0.20    2.56 ^ gpio_control_in_2[9].BUF[2]/X (sky130_fd_sc_hd__buf_4)
     8    0.03                           gpio_control_in_2[8].serial_clock (net)
                  0.10    0.00    2.57 ^ fanout1347/A (sky130_fd_sc_hd__buf_8)
                  0.16    0.19    2.76 ^ fanout1347/X (sky130_fd_sc_hd__buf_8)
    24    0.10                           net1347 (net)
                  0.16    0.00    2.76 ^ gpio_control_in_2[8].BUF[2]/A (sky130_fd_sc_hd__buf_4)
                  0.10    0.18    2.94 ^ gpio_control_in_2[8].BUF[2]/X (sky130_fd_sc_hd__buf_4)
     8    0.03                           gpio_control_in_2[7].serial_clock (net)
                  0.10    0.00    2.95 ^ fanout1279/A (sky130_fd_sc_hd__buf_8)
                  0.15    0.19    3.13 ^ fanout1279/X (sky130_fd_sc_hd__buf_8)
    24    0.09                           net1279 (net)
                  0.15    0.00    3.14 ^ gpio_control_in_2[7].BUF[2]/A (sky130_fd_sc_hd__buf_6)
                  0.15    0.20    3.34 ^ gpio_control_in_2[7].BUF[2]/X (sky130_fd_sc_hd__buf_6)
     8    0.07                           gpio_control_in_2[6].serial_clock (net)
                  0.15    0.00    3.34 ^ fanout1183/A (sky130_fd_sc_hd__buf_12)
                  0.12    0.17    3.51 ^ fanout1183/X (sky130_fd_sc_hd__buf_12)
    24    0.10                           net1183 (net)
                  0.14    0.04    3.54 ^ gpio_control_in_2[6].BUF[2]/A (sky130_fd_sc_hd__buf_4)
                  0.12    0.19    3.74 ^ gpio_control_in_2[6].BUF[2]/X (sky130_fd_sc_hd__buf_4)
     8    0.04                           gpio_control_in_2[5].serial_clock (net)
                  0.12    0.00    3.74 ^ _37397_/CLK (sky130_fd_sc_hd__dfrtp_4)
                  0.07    0.42    4.16 ^ _37397_/Q (sky130_fd_sc_hd__dfrtp_4)
     2    0.01                           gpio_control_in_2[5].shift_register[5] (net)
                  0.07    0.00    4.16 ^ hold11476/A (sky130_fd_sc_hd__clkdlybuf4s18_2)
                  0.03    0.19    4.35 ^ hold11476/X (sky130_fd_sc_hd__clkdlybuf4s18_2)
     1    0.00                           net14685 (net)
                  0.03    0.00    4.35 ^ hold10822/A (sky130_fd_sc_hd__clkdlybuf4s18_2)
                  0.03    0.17    4.52 ^ hold10822/X (sky130_fd_sc_hd__clkdlybuf4s18_2)
     1    0.00                           net14031 (net)
                  0.03    0.00    4.52 ^ hold11477/A (sky130_fd_sc_hd__clkdlybuf4s18_2)
                  0.03    0.17    4.70 ^ hold11477/X (sky130_fd_sc_hd__clkdlybuf4s18_2)
     1    0.00                           net14686 (net)
                  0.03    0.00    4.70 ^ hold10432/A (sky130_fd_sc_hd__clkdlybuf4s18_2)
                  0.03    0.17    4.87 ^ hold10432/X (sky130_fd_sc_hd__clkdlybuf4s18_2)
     1    0.00                           net13641 (net)
                  0.03    0.00    4.87 ^ hold11478/A (sky130_fd_sc_hd__clkdlybuf4s18_2)
                  0.03    0.17    5.04 ^ hold11478/X (sky130_fd_sc_hd__clkdlybuf4s18_2)
     1    0.00                           net14687 (net)
                  0.03    0.00    5.04 ^ hold10823/A (sky130_fd_sc_hd__clkdlybuf4s18_2)
                  0.03    0.18    5.22 ^ hold10823/X (sky130_fd_sc_hd__clkdlybuf4s18_2)
     1    0.00                           net14032 (net)
                  0.03    0.00    5.22 ^ _37398_/D (sky130_fd_sc_hd__dfrtp_4)
                                  5.22   data arrival time

                          0.00    0.00   clock hk_serial_clk (rise edge)
                          0.00    0.00   clock source latency
                  0.04    0.00    0.00 ^ housekeeping_alt/serial_clock (housekeeping_alt)
     3    0.02                           gpio_control_bidir_1[0].serial_clock (net)
                  0.04    0.00    0.00 ^ fanout2146/A (sky130_fd_sc_hd__buf_12)
                  0.22    0.21    0.21 ^ fanout2146/X (sky130_fd_sc_hd__buf_12)
    10    0.20                           net2146 (net)
                  0.27    0.09    0.29 ^ wire2148/A (sky130_fd_sc_hd__buf_6)
                  0.04    0.15    0.45 ^ wire2148/X (sky130_fd_sc_hd__buf_6)
     1    0.01                           net2148 (net)
                  0.04    0.00    0.45 ^ wire820/A (sky130_fd_sc_hd__buf_12)
                  0.29    0.17    0.62 ^ wire820/X (sky130_fd_sc_hd__buf_12)
     4    0.32                           net13299 (net)
                  0.67    0.32    0.94 ^ wire2147/A (sky130_fd_sc_hd__buf_12)
                  0.23    0.29    1.23 ^ wire2147/X (sky130_fd_sc_hd__buf_12)
     6    0.20                           net2147 (net)
                  0.32    0.11    1.35 ^ fanout2144/A (sky130_fd_sc_hd__buf_12)
                  0.19    0.24    1.59 ^ fanout2144/X (sky130_fd_sc_hd__buf_12)
    24    0.16                           net2144 (net)
                  0.23    0.07    1.66 ^ gpio_control_bidir_2[2].BUF[2]/A (sky130_fd_sc_hd__buf_6)
                  0.10    0.20    1.85 ^ gpio_control_bidir_2[2].BUF[2]/X (sky130_fd_sc_hd__buf_6)
     8    0.05                           gpio_control_bidir_2[1].serial_clock (net)
                  0.10    0.01    1.86 ^ gpio_control_bidir_2[1].BUF[2]/A (sky130_fd_sc_hd__buf_4)
                  0.11    0.18    2.04 ^ gpio_control_bidir_2[1].BUF[2]/X (sky130_fd_sc_hd__buf_4)
     8    0.04                           gpio_control_bidir_2[0].serial_clock (net)
                  0.11    0.00    2.04 ^ fanout1580/A (sky130_fd_sc_hd__buf_8)
                  0.15    0.20    2.24 ^ fanout1580/X (sky130_fd_sc_hd__buf_8)
    24    0.09                           net1580 (net)
                  0.15    0.01    2.25 ^ gpio_control_bidir_2[0].BUF[2]/A (sky130_fd_sc_hd__clkbuf_8)
                  0.20    0.28    2.53 ^ gpio_control_bidir_2[0].BUF[2]/X (sky130_fd_sc_hd__clkbuf_8)
    30    0.11                           gpio_control_bidir_2[0].serial_clock_out (net)
                  0.21    0.02    2.55 ^ gpio_control_in_2[9].BUF[2]/A (sky130_fd_sc_hd__buf_4)
                  0.10    0.21    2.76 ^ gpio_control_in_2[9].BUF[2]/X (sky130_fd_sc_hd__buf_4)
     8    0.03                           gpio_control_in_2[8].serial_clock (net)
                  0.10    0.00    2.77 ^ fanout1347/A (sky130_fd_sc_hd__buf_8)
                  0.16    0.21    2.97 ^ fanout1347/X (sky130_fd_sc_hd__buf_8)
    24    0.10                           net1347 (net)
                  0.16    0.00    2.98 ^ gpio_control_in_2[8].BUF[2]/A (sky130_fd_sc_hd__buf_4)
                  0.10    0.20    3.17 ^ gpio_control_in_2[8].BUF[2]/X (sky130_fd_sc_hd__buf_4)
     8    0.03                           gpio_control_in_2[7].serial_clock (net)
                  0.10    0.00    3.18 ^ fanout1279/A (sky130_fd_sc_hd__buf_8)
                  0.15    0.20    3.38 ^ fanout1279/X (sky130_fd_sc_hd__buf_8)
    24    0.09                           net1279 (net)
                  0.15    0.00    3.38 ^ gpio_control_in_2[7].BUF[2]/A (sky130_fd_sc_hd__buf_6)
                  0.15    0.21    3.60 ^ gpio_control_in_2[7].BUF[2]/X (sky130_fd_sc_hd__buf_6)
     8    0.07                           gpio_control_in_2[6].serial_clock (net)
                  0.15    0.00    3.60 ^ fanout1183/A (sky130_fd_sc_hd__buf_12)
                  0.12    0.18    3.78 ^ fanout1183/X (sky130_fd_sc_hd__buf_12)
    24    0.10                           net1183 (net)
                  0.14    0.04    3.82 ^ gpio_control_in_2[6].BUF[2]/A (sky130_fd_sc_hd__buf_4)
                  0.12    0.21    4.03 ^ gpio_control_in_2[6].BUF[2]/X (sky130_fd_sc_hd__buf_4)
     8    0.04                           gpio_control_in_2[5].serial_clock (net)
                  0.12    0.00    4.03 ^ fanout1128/A (sky130_fd_sc_hd__buf_6)
                  0.18    0.23    4.26 ^ fanout1128/X (sky130_fd_sc_hd__buf_6)
    24    0.09                           net1128 (net)
                  0.18    0.00    4.27 ^ _37398_/CLK (sky130_fd_sc_hd__dfrtp_4)
                          0.10    4.37   clock uncertainty
                         -0.29    4.07   clock reconvergence pessimism
                         -0.01    4.06   library hold time
                                  4.06   data required time
-----------------------------------------------------------------------------
                                  4.06   data required time
                                 -5.22   data arrival time
-----------------------------------------------------------------------------
                                  1.16   slack (MET)


Startpoint: _37344_ (rising edge-triggered flip-flop clocked by hk_serial_clk)
Endpoint: _37345_ (rising edge-triggered flip-flop clocked by hk_serial_clk)
Path Group: hk_serial_clk
Path Type: min

Fanout     Cap    Slew   Delay    Time   Description
-----------------------------------------------------------------------------
                          0.00    0.00   clock hk_serial_clk (rise edge)
                          0.00    0.00   clock source latency
                  0.04    0.00    0.00 ^ housekeeping_alt/serial_clock (housekeeping_alt)
     3    0.02                           gpio_control_bidir_1[0].serial_clock (net)
                  0.04    0.00    0.00 ^ fanout2146/A (sky130_fd_sc_hd__buf_12)
                  0.22    0.19    0.19 ^ fanout2146/X (sky130_fd_sc_hd__buf_12)
    10    0.20                           net2146 (net)
                  0.27    0.08    0.27 ^ wire2148/A (sky130_fd_sc_hd__buf_6)
                  0.04    0.14    0.42 ^ wire2148/X (sky130_fd_sc_hd__buf_6)
     1    0.01                           net2148 (net)
                  0.04    0.00    0.42 ^ wire820/A (sky130_fd_sc_hd__buf_12)
                  0.29    0.16    0.58 ^ wire820/X (sky130_fd_sc_hd__buf_12)
     4    0.32                           net13299 (net)
                  0.67    0.30    0.88 ^ wire2147/A (sky130_fd_sc_hd__buf_12)
                  0.23    0.27    1.14 ^ wire2147/X (sky130_fd_sc_hd__buf_12)
     6    0.20                           net2147 (net)
                  0.32    0.11    1.25 ^ fanout2144/A (sky130_fd_sc_hd__buf_12)
                  0.19    0.22    1.47 ^ fanout2144/X (sky130_fd_sc_hd__buf_12)
    24    0.16                           net2144 (net)
                  0.23    0.06    1.54 ^ gpio_control_bidir_2[2].BUF[2]/A (sky130_fd_sc_hd__buf_6)
                  0.10    0.18    1.72 ^ gpio_control_bidir_2[2].BUF[2]/X (sky130_fd_sc_hd__buf_6)
     8    0.05                           gpio_control_bidir_2[1].serial_clock (net)
                  0.10    0.01    1.72 ^ gpio_control_bidir_2[1].BUF[2]/A (sky130_fd_sc_hd__buf_4)
                  0.11    0.17    1.89 ^ gpio_control_bidir_2[1].BUF[2]/X (sky130_fd_sc_hd__buf_4)
     8    0.04                           gpio_control_bidir_2[0].serial_clock (net)
                  0.11    0.00    1.90 ^ fanout1580/A (sky130_fd_sc_hd__buf_8)
                  0.15    0.18    2.08 ^ fanout1580/X (sky130_fd_sc_hd__buf_8)
    24    0.09                           net1580 (net)
                  0.15    0.01    2.09 ^ gpio_control_bidir_2[0].BUF[2]/A (sky130_fd_sc_hd__clkbuf_8)
                  0.20    0.26    2.35 ^ gpio_control_bidir_2[0].BUF[2]/X (sky130_fd_sc_hd__clkbuf_8)
    30    0.11                           gpio_control_bidir_2[0].serial_clock_out (net)
                  0.21    0.02    2.37 ^ gpio_control_in_2[9].BUF[2]/A (sky130_fd_sc_hd__buf_4)
                  0.10    0.20    2.56 ^ gpio_control_in_2[9].BUF[2]/X (sky130_fd_sc_hd__buf_4)
     8    0.03                           gpio_control_in_2[8].serial_clock (net)
                  0.10    0.00    2.57 ^ fanout1347/A (sky130_fd_sc_hd__buf_8)
                  0.16    0.19    2.76 ^ fanout1347/X (sky130_fd_sc_hd__buf_8)
    24    0.10                           net1347 (net)
                  0.16    0.00    2.76 ^ gpio_control_in_2[8].BUF[2]/A (sky130_fd_sc_hd__buf_4)
                  0.10    0.18    2.94 ^ gpio_control_in_2[8].BUF[2]/X (sky130_fd_sc_hd__buf_4)
     8    0.03                           gpio_control_in_2[7].serial_clock (net)
                  0.10    0.00    2.95 ^ fanout1279/A (sky130_fd_sc_hd__buf_8)
                  0.15    0.19    3.13 ^ fanout1279/X (sky130_fd_sc_hd__buf_8)
    24    0.09                           net1279 (net)
                  0.15    0.00    3.14 ^ gpio_control_in_2[7].BUF[2]/A (sky130_fd_sc_hd__buf_6)
                  0.15    0.20    3.34 ^ gpio_control_in_2[7].BUF[2]/X (sky130_fd_sc_hd__buf_6)
     8    0.07                           gpio_control_in_2[6].serial_clock (net)
                  0.15    0.00    3.34 ^ fanout1183/A (sky130_fd_sc_hd__buf_12)
                  0.12    0.17    3.51 ^ fanout1183/X (sky130_fd_sc_hd__buf_12)
    24    0.10                           net1183 (net)
                  0.14    0.04    3.54 ^ gpio_control_in_2[6].BUF[2]/A (sky130_fd_sc_hd__buf_4)
                  0.12    0.19    3.74 ^ gpio_control_in_2[6].BUF[2]/X (sky130_fd_sc_hd__buf_4)
     8    0.04                           gpio_control_in_2[5].serial_clock (net)
                  0.12    0.00    3.74 ^ fanout1128/A (sky130_fd_sc_hd__buf_6)
                  0.18    0.21    3.95 ^ fanout1128/X (sky130_fd_sc_hd__buf_6)
    24    0.09                           net1128 (net)
                  0.18    0.00    3.96 ^ gpio_control_in_2[5].BUF[2]/A (sky130_fd_sc_hd__buf_4)
                  0.12    0.20    4.16 ^ gpio_control_in_2[5].BUF[2]/X (sky130_fd_sc_hd__buf_4)
     8    0.04                           gpio_control_in_2[4].serial_clock (net)
                  0.12    0.00    4.17 ^ fanout979/A (sky130_fd_sc_hd__buf_6)
                  0.16    0.20    4.37 ^ fanout979/X (sky130_fd_sc_hd__buf_6)
    24    0.08                           net979 (net)
                  0.16    0.00    4.37 ^ gpio_control_in_2[4].BUF[2]/A (sky130_fd_sc_hd__buf_4)
                  0.11    0.19    4.57 ^ gpio_control_in_2[4].BUF[2]/X (sky130_fd_sc_hd__buf_4)
     8    0.04                           gpio_control_in_2[3].serial_clock (net)
                  0.11    0.00    4.57 ^ _37344_/CLK (sky130_fd_sc_hd__dfrtp_4)
                  0.07    0.42    4.99 ^ _37344_/Q (sky130_fd_sc_hd__dfrtp_4)
     2    0.01                           gpio_control_in_2[3].shift_register[6] (net)
                  0.07    0.00    4.99 ^ hold11470/A (sky130_fd_sc_hd__clkdlybuf4s18_2)
                  0.03    0.19    5.18 ^ hold11470/X (sky130_fd_sc_hd__clkdlybuf4s18_2)
     1    0.00                           net14679 (net)
                  0.03    0.00    5.18 ^ hold10820/A (sky130_fd_sc_hd__clkdlybuf4s18_2)
                  0.03    0.17    5.35 ^ hold10820/X (sky130_fd_sc_hd__clkdlybuf4s18_2)
     1    0.00                           net14029 (net)
                  0.03    0.00    5.35 ^ hold11471/A (sky130_fd_sc_hd__clkdlybuf4s18_2)
                  0.03    0.17    5.52 ^ hold11471/X (sky130_fd_sc_hd__clkdlybuf4s18_2)
     1    0.00                           net14680 (net)
                  0.03    0.00    5.52 ^ hold10433/A (sky130_fd_sc_hd__clkdlybuf4s18_2)
                  0.03    0.17    5.70 ^ hold10433/X (sky130_fd_sc_hd__clkdlybuf4s18_2)
     1    0.00                           net13642 (net)
                  0.03    0.00    5.70 ^ hold11472/A (sky130_fd_sc_hd__clkdlybuf4s18_2)
                  0.03    0.17    5.87 ^ hold11472/X (sky130_fd_sc_hd__clkdlybuf4s18_2)
     1    0.00                           net14681 (net)
                  0.03    0.00    5.87 ^ hold10821/A (sky130_fd_sc_hd__clkdlybuf4s18_2)
                  0.03    0.18    6.05 ^ hold10821/X (sky130_fd_sc_hd__clkdlybuf4s18_2)
     1    0.00                           net14030 (net)
                  0.03    0.00    6.05 ^ _37345_/D (sky130_fd_sc_hd__dfrtp_4)
                                  6.05   data arrival time

                          0.00    0.00   clock hk_serial_clk (rise edge)
                          0.00    0.00   clock source latency
                  0.04    0.00    0.00 ^ housekeeping_alt/serial_clock (housekeeping_alt)
     3    0.02                           gpio_control_bidir_1[0].serial_clock (net)
                  0.04    0.00    0.00 ^ fanout2146/A (sky130_fd_sc_hd__buf_12)
                  0.22    0.21    0.21 ^ fanout2146/X (sky130_fd_sc_hd__buf_12)
    10    0.20                           net2146 (net)
                  0.27    0.09    0.29 ^ wire2148/A (sky130_fd_sc_hd__buf_6)
                  0.04    0.15    0.45 ^ wire2148/X (sky130_fd_sc_hd__buf_6)
     1    0.01                           net2148 (net)
                  0.04    0.00    0.45 ^ wire820/A (sky130_fd_sc_hd__buf_12)
                  0.29    0.17    0.62 ^ wire820/X (sky130_fd_sc_hd__buf_12)
     4    0.32                           net13299 (net)
                  0.67    0.32    0.94 ^ wire2147/A (sky130_fd_sc_hd__buf_12)
                  0.23    0.29    1.23 ^ wire2147/X (sky130_fd_sc_hd__buf_12)
     6    0.20                           net2147 (net)
                  0.32    0.11    1.35 ^ fanout2144/A (sky130_fd_sc_hd__buf_12)
                  0.19    0.24    1.59 ^ fanout2144/X (sky130_fd_sc_hd__buf_12)
    24    0.16                           net2144 (net)
                  0.23    0.07    1.66 ^ gpio_control_bidir_2[2].BUF[2]/A (sky130_fd_sc_hd__buf_6)
                  0.10    0.20    1.85 ^ gpio_control_bidir_2[2].BUF[2]/X (sky130_fd_sc_hd__buf_6)
     8    0.05                           gpio_control_bidir_2[1].serial_clock (net)
                  0.10    0.01    1.86 ^ gpio_control_bidir_2[1].BUF[2]/A (sky130_fd_sc_hd__buf_4)
                  0.11    0.18    2.04 ^ gpio_control_bidir_2[1].BUF[2]/X (sky130_fd_sc_hd__buf_4)
     8    0.04                           gpio_control_bidir_2[0].serial_clock (net)
                  0.11    0.00    2.04 ^ fanout1580/A (sky130_fd_sc_hd__buf_8)
                  0.15    0.20    2.24 ^ fanout1580/X (sky130_fd_sc_hd__buf_8)
    24    0.09                           net1580 (net)
                  0.15    0.01    2.25 ^ gpio_control_bidir_2[0].BUF[2]/A (sky130_fd_sc_hd__clkbuf_8)
                  0.20    0.28    2.53 ^ gpio_control_bidir_2[0].BUF[2]/X (sky130_fd_sc_hd__clkbuf_8)
    30    0.11                           gpio_control_bidir_2[0].serial_clock_out (net)
                  0.21    0.02    2.55 ^ gpio_control_in_2[9].BUF[2]/A (sky130_fd_sc_hd__buf_4)
                  0.10    0.21    2.76 ^ gpio_control_in_2[9].BUF[2]/X (sky130_fd_sc_hd__buf_4)
     8    0.03                           gpio_control_in_2[8].serial_clock (net)
                  0.10    0.00    2.77 ^ fanout1347/A (sky130_fd_sc_hd__buf_8)
                  0.16    0.21    2.97 ^ fanout1347/X (sky130_fd_sc_hd__buf_8)
    24    0.10                           net1347 (net)
                  0.16    0.00    2.98 ^ gpio_control_in_2[8].BUF[2]/A (sky130_fd_sc_hd__buf_4)
                  0.10    0.20    3.17 ^ gpio_control_in_2[8].BUF[2]/X (sky130_fd_sc_hd__buf_4)
     8    0.03                           gpio_control_in_2[7].serial_clock (net)
                  0.10    0.00    3.18 ^ fanout1279/A (sky130_fd_sc_hd__buf_8)
                  0.15    0.20    3.38 ^ fanout1279/X (sky130_fd_sc_hd__buf_8)
    24    0.09                           net1279 (net)
                  0.15    0.00    3.38 ^ gpio_control_in_2[7].BUF[2]/A (sky130_fd_sc_hd__buf_6)
                  0.15    0.21    3.60 ^ gpio_control_in_2[7].BUF[2]/X (sky130_fd_sc_hd__buf_6)
     8    0.07                           gpio_control_in_2[6].serial_clock (net)
                  0.15    0.00    3.60 ^ fanout1183/A (sky130_fd_sc_hd__buf_12)
                  0.12    0.18    3.78 ^ fanout1183/X (sky130_fd_sc_hd__buf_12)
    24    0.10                           net1183 (net)
                  0.14    0.04    3.82 ^ gpio_control_in_2[6].BUF[2]/A (sky130_fd_sc_hd__buf_4)
                  0.12    0.21    4.03 ^ gpio_control_in_2[6].BUF[2]/X (sky130_fd_sc_hd__buf_4)
     8    0.04                           gpio_control_in_2[5].serial_clock (net)
                  0.12    0.00    4.03 ^ fanout1128/A (sky130_fd_sc_hd__buf_6)
                  0.18    0.23    4.26 ^ fanout1128/X (sky130_fd_sc_hd__buf_6)
    24    0.09                           net1128 (net)
                  0.18    0.00    4.27 ^ gpio_control_in_2[5].BUF[2]/A (sky130_fd_sc_hd__buf_4)
                  0.12    0.22    4.49 ^ gpio_control_in_2[5].BUF[2]/X (sky130_fd_sc_hd__buf_4)
     8    0.04                           gpio_control_in_2[4].serial_clock (net)
                  0.12    0.00    4.49 ^ fanout979/A (sky130_fd_sc_hd__buf_6)
                  0.16    0.22    4.71 ^ fanout979/X (sky130_fd_sc_hd__buf_6)
    24    0.08                           net979 (net)
                  0.16    0.00    4.71 ^ gpio_control_in_2[4].BUF[2]/A (sky130_fd_sc_hd__buf_4)
                  0.11    0.21    4.92 ^ gpio_control_in_2[4].BUF[2]/X (sky130_fd_sc_hd__buf_4)
     8    0.04                           gpio_control_in_2[3].serial_clock (net)
                  0.11    0.00    4.92 ^ fanout824/A (sky130_fd_sc_hd__buf_6)
                  0.17    0.22    5.15 ^ fanout824/X (sky130_fd_sc_hd__buf_6)
    24    0.09                           net824 (net)
                  0.17    0.00    5.15 ^ _37345_/CLK (sky130_fd_sc_hd__dfrtp_4)
                          0.10    5.25   clock uncertainty
                         -0.36    4.90   clock reconvergence pessimism
                         -0.01    4.88   library hold time
                                  4.88   data required time
-----------------------------------------------------------------------------
                                  4.88   data required time
                                 -6.05   data arrival time
-----------------------------------------------------------------------------
                                  1.17   slack (MET)


Startpoint: _37419_ (rising edge-triggered flip-flop clocked by hk_serial_clk)
Endpoint: _37420_ (rising edge-triggered flip-flop clocked by hk_serial_clk)
Path Group: hk_serial_clk
Path Type: min

Fanout     Cap    Slew   Delay    Time   Description
-----------------------------------------------------------------------------
                          0.00    0.00   clock hk_serial_clk (rise edge)
                          0.00    0.00   clock source latency
                  0.04    0.00    0.00 ^ housekeeping_alt/serial_clock (housekeeping_alt)
     3    0.02                           gpio_control_bidir_1[0].serial_clock (net)
                  0.04    0.00    0.00 ^ fanout2146/A (sky130_fd_sc_hd__buf_12)
                  0.22    0.19    0.19 ^ fanout2146/X (sky130_fd_sc_hd__buf_12)
    10    0.20                           net2146 (net)
                  0.27    0.08    0.27 ^ wire2148/A (sky130_fd_sc_hd__buf_6)
                  0.04    0.14    0.42 ^ wire2148/X (sky130_fd_sc_hd__buf_6)
     1    0.01                           net2148 (net)
                  0.04    0.00    0.42 ^ wire820/A (sky130_fd_sc_hd__buf_12)
                  0.29    0.16    0.58 ^ wire820/X (sky130_fd_sc_hd__buf_12)
     4    0.32                           net13299 (net)
                  0.67    0.30    0.88 ^ wire2147/A (sky130_fd_sc_hd__buf_12)
                  0.23    0.27    1.14 ^ wire2147/X (sky130_fd_sc_hd__buf_12)
     6    0.20                           net2147 (net)
                  0.32    0.11    1.25 ^ fanout2144/A (sky130_fd_sc_hd__buf_12)
                  0.19    0.22    1.47 ^ fanout2144/X (sky130_fd_sc_hd__buf_12)
    24    0.16                           net2144 (net)
                  0.23    0.06    1.54 ^ gpio_control_bidir_2[2].BUF[2]/A (sky130_fd_sc_hd__buf_6)
                  0.10    0.18    1.72 ^ gpio_control_bidir_2[2].BUF[2]/X (sky130_fd_sc_hd__buf_6)
     8    0.05                           gpio_control_bidir_2[1].serial_clock (net)
                  0.10    0.01    1.72 ^ gpio_control_bidir_2[1].BUF[2]/A (sky130_fd_sc_hd__buf_4)
                  0.11    0.17    1.89 ^ gpio_control_bidir_2[1].BUF[2]/X (sky130_fd_sc_hd__buf_4)
     8    0.04                           gpio_control_bidir_2[0].serial_clock (net)
                  0.11    0.00    1.90 ^ fanout1580/A (sky130_fd_sc_hd__buf_8)
                  0.15    0.18    2.08 ^ fanout1580/X (sky130_fd_sc_hd__buf_8)
    24    0.09                           net1580 (net)
                  0.15    0.01    2.09 ^ gpio_control_bidir_2[0].BUF[2]/A (sky130_fd_sc_hd__clkbuf_8)
                  0.20    0.26    2.35 ^ gpio_control_bidir_2[0].BUF[2]/X (sky130_fd_sc_hd__clkbuf_8)
    30    0.11                           gpio_control_bidir_2[0].serial_clock_out (net)
                  0.21    0.02    2.37 ^ gpio_control_in_2[9].BUF[2]/A (sky130_fd_sc_hd__buf_4)
                  0.10    0.20    2.56 ^ gpio_control_in_2[9].BUF[2]/X (sky130_fd_sc_hd__buf_4)
     8    0.03                           gpio_control_in_2[8].serial_clock (net)
                  0.10    0.00    2.57 ^ fanout1347/A (sky130_fd_sc_hd__buf_8)
                  0.16    0.19    2.76 ^ fanout1347/X (sky130_fd_sc_hd__buf_8)
    24    0.10                           net1347 (net)
                  0.16    0.00    2.76 ^ gpio_control_in_2[8].BUF[2]/A (sky130_fd_sc_hd__buf_4)
                  0.10    0.18    2.94 ^ gpio_control_in_2[8].BUF[2]/X (sky130_fd_sc_hd__buf_4)
     8    0.03                           gpio_control_in_2[7].serial_clock (net)
                  0.10    0.00    2.95 ^ fanout1279/A (sky130_fd_sc_hd__buf_8)
                  0.15    0.19    3.13 ^ fanout1279/X (sky130_fd_sc_hd__buf_8)
    24    0.09                           net1279 (net)
                  0.15    0.00    3.14 ^ gpio_control_in_2[7].BUF[2]/A (sky130_fd_sc_hd__buf_6)
                  0.15    0.20    3.34 ^ gpio_control_in_2[7].BUF[2]/X (sky130_fd_sc_hd__buf_6)
     8    0.07                           gpio_control_in_2[6].serial_clock (net)
                  0.15    0.00    3.34 ^ _37419_/CLK (sky130_fd_sc_hd__dfrtp_2)
                  0.23    0.50    3.84 ^ _37419_/Q (sky130_fd_sc_hd__dfrtp_2)
     4    0.05                           gpio_control_in_2[6].shift_register[0] (net)
                  0.23    0.00    3.84 ^ hold12081/A (sky130_fd_sc_hd__clkdlybuf4s18_2)
                  0.03    0.23    4.07 ^ hold12081/X (sky130_fd_sc_hd__clkdlybuf4s18_2)
     1    0.00                           net15290 (net)
                  0.03    0.00    4.07 ^ hold11416/A (sky130_fd_sc_hd__clkdlybuf4s18_2)
                  0.03    0.17    4.24 ^ hold11416/X (sky130_fd_sc_hd__clkdlybuf4s18_2)
     1    0.00                           net14625 (net)
                  0.03    0.00    4.24 ^ hold10732/A (sky130_fd_sc_hd__clkdlybuf4s18_2)
                  0.03    0.18    4.42 ^ hold10732/X (sky130_fd_sc_hd__clkdlybuf4s18_2)
     1    0.00                           net13941 (net)
                  0.03    0.00    4.42 ^ hold11417/A (sky130_fd_sc_hd__clkdlybuf4s18_2)
                  0.03    0.18    4.59 ^ hold11417/X (sky130_fd_sc_hd__clkdlybuf4s18_2)
     1    0.00                           net14626 (net)
                  0.03    0.00    4.59 ^ _37420_/D (sky130_fd_sc_hd__dfrtp_2)
                                  4.59   data arrival time

                          0.00    0.00   clock hk_serial_clk (rise edge)
                          0.00    0.00   clock source latency
                  0.04    0.00    0.00 ^ housekeeping_alt/serial_clock (housekeeping_alt)
     3    0.02                           gpio_control_bidir_1[0].serial_clock (net)
                  0.04    0.00    0.00 ^ fanout2146/A (sky130_fd_sc_hd__buf_12)
                  0.22    0.21    0.21 ^ fanout2146/X (sky130_fd_sc_hd__buf_12)
    10    0.20                           net2146 (net)
                  0.27    0.09    0.29 ^ wire2148/A (sky130_fd_sc_hd__buf_6)
                  0.04    0.15    0.45 ^ wire2148/X (sky130_fd_sc_hd__buf_6)
     1    0.01                           net2148 (net)
                  0.04    0.00    0.45 ^ wire820/A (sky130_fd_sc_hd__buf_12)
                  0.29    0.17    0.62 ^ wire820/X (sky130_fd_sc_hd__buf_12)
     4    0.32                           net13299 (net)
                  0.67    0.32    0.94 ^ wire2147/A (sky130_fd_sc_hd__buf_12)
                  0.23    0.29    1.23 ^ wire2147/X (sky130_fd_sc_hd__buf_12)
     6    0.20                           net2147 (net)
                  0.32    0.11    1.35 ^ fanout2144/A (sky130_fd_sc_hd__buf_12)
                  0.19    0.24    1.59 ^ fanout2144/X (sky130_fd_sc_hd__buf_12)
    24    0.16                           net2144 (net)
                  0.23    0.07    1.66 ^ gpio_control_bidir_2[2].BUF[2]/A (sky130_fd_sc_hd__buf_6)
                  0.10    0.20    1.85 ^ gpio_control_bidir_2[2].BUF[2]/X (sky130_fd_sc_hd__buf_6)
     8    0.05                           gpio_control_bidir_2[1].serial_clock (net)
                  0.10    0.01    1.86 ^ gpio_control_bidir_2[1].BUF[2]/A (sky130_fd_sc_hd__buf_4)
                  0.11    0.18    2.04 ^ gpio_control_bidir_2[1].BUF[2]/X (sky130_fd_sc_hd__buf_4)
     8    0.04                           gpio_control_bidir_2[0].serial_clock (net)
                  0.11    0.00    2.04 ^ fanout1580/A (sky130_fd_sc_hd__buf_8)
                  0.15    0.20    2.24 ^ fanout1580/X (sky130_fd_sc_hd__buf_8)
    24    0.09                           net1580 (net)
                  0.15    0.01    2.25 ^ gpio_control_bidir_2[0].BUF[2]/A (sky130_fd_sc_hd__clkbuf_8)
                  0.20    0.28    2.53 ^ gpio_control_bidir_2[0].BUF[2]/X (sky130_fd_sc_hd__clkbuf_8)
    30    0.11                           gpio_control_bidir_2[0].serial_clock_out (net)
                  0.21    0.02    2.55 ^ gpio_control_in_2[9].BUF[2]/A (sky130_fd_sc_hd__buf_4)
                  0.10    0.21    2.76 ^ gpio_control_in_2[9].BUF[2]/X (sky130_fd_sc_hd__buf_4)
     8    0.03                           gpio_control_in_2[8].serial_clock (net)
                  0.10    0.00    2.77 ^ fanout1347/A (sky130_fd_sc_hd__buf_8)
                  0.16    0.21    2.97 ^ fanout1347/X (sky130_fd_sc_hd__buf_8)
    24    0.10                           net1347 (net)
                  0.16    0.00    2.98 ^ gpio_control_in_2[8].BUF[2]/A (sky130_fd_sc_hd__buf_4)
                  0.10    0.20    3.17 ^ gpio_control_in_2[8].BUF[2]/X (sky130_fd_sc_hd__buf_4)
     8    0.03                           gpio_control_in_2[7].serial_clock (net)
                  0.10    0.00    3.18 ^ fanout1279/A (sky130_fd_sc_hd__buf_8)
                  0.15    0.20    3.38 ^ fanout1279/X (sky130_fd_sc_hd__buf_8)
    24    0.09                           net1279 (net)
                  0.15    0.00    3.38 ^ gpio_control_in_2[7].BUF[2]/A (sky130_fd_sc_hd__buf_6)
                  0.15    0.21    3.60 ^ gpio_control_in_2[7].BUF[2]/X (sky130_fd_sc_hd__buf_6)
     8    0.07                           gpio_control_in_2[6].serial_clock (net)
                  0.15    0.00    3.60 ^ _37420_/CLK (sky130_fd_sc_hd__dfrtp_2)
                          0.10    3.70   clock uncertainty
                         -0.26    3.44   clock reconvergence pessimism
                         -0.02    3.42   library hold time
                                  3.42   data required time
-----------------------------------------------------------------------------
                                  3.42   data required time
                                 -4.59   data arrival time
-----------------------------------------------------------------------------
                                  1.17   slack (MET)


Startpoint: _37452_ (rising edge-triggered flip-flop clocked by hk_serial_clk)
Endpoint: _37453_ (rising edge-triggered flip-flop clocked by hk_serial_clk)
Path Group: hk_serial_clk
Path Type: min

Fanout     Cap    Slew   Delay    Time   Description
-----------------------------------------------------------------------------
                          0.00    0.00   clock hk_serial_clk (rise edge)
                          0.00    0.00   clock source latency
                  0.04    0.00    0.00 ^ housekeeping_alt/serial_clock (housekeeping_alt)
     3    0.02                           gpio_control_bidir_1[0].serial_clock (net)
                  0.04    0.00    0.00 ^ fanout2146/A (sky130_fd_sc_hd__buf_12)
                  0.22    0.19    0.19 ^ fanout2146/X (sky130_fd_sc_hd__buf_12)
    10    0.20                           net2146 (net)
                  0.27    0.08    0.27 ^ wire2148/A (sky130_fd_sc_hd__buf_6)
                  0.04    0.14    0.42 ^ wire2148/X (sky130_fd_sc_hd__buf_6)
     1    0.01                           net2148 (net)
                  0.04    0.00    0.42 ^ wire820/A (sky130_fd_sc_hd__buf_12)
                  0.29    0.16    0.58 ^ wire820/X (sky130_fd_sc_hd__buf_12)
     4    0.32                           net13299 (net)
                  0.67    0.30    0.88 ^ wire2147/A (sky130_fd_sc_hd__buf_12)
                  0.23    0.27    1.14 ^ wire2147/X (sky130_fd_sc_hd__buf_12)
     6    0.20                           net2147 (net)
                  0.32    0.11    1.25 ^ fanout2144/A (sky130_fd_sc_hd__buf_12)
                  0.19    0.22    1.47 ^ fanout2144/X (sky130_fd_sc_hd__buf_12)
    24    0.16                           net2144 (net)
                  0.23    0.06    1.54 ^ gpio_control_bidir_2[2].BUF[2]/A (sky130_fd_sc_hd__buf_6)
                  0.10    0.18    1.72 ^ gpio_control_bidir_2[2].BUF[2]/X (sky130_fd_sc_hd__buf_6)
     8    0.05                           gpio_control_bidir_2[1].serial_clock (net)
                  0.10    0.01    1.72 ^ gpio_control_bidir_2[1].BUF[2]/A (sky130_fd_sc_hd__buf_4)
                  0.11    0.17    1.89 ^ gpio_control_bidir_2[1].BUF[2]/X (sky130_fd_sc_hd__buf_4)
     8    0.04                           gpio_control_bidir_2[0].serial_clock (net)
                  0.11    0.00    1.90 ^ fanout1580/A (sky130_fd_sc_hd__buf_8)
                  0.15    0.18    2.08 ^ fanout1580/X (sky130_fd_sc_hd__buf_8)
    24    0.09                           net1580 (net)
                  0.15    0.01    2.09 ^ gpio_control_bidir_2[0].BUF[2]/A (sky130_fd_sc_hd__clkbuf_8)
                  0.20    0.26    2.35 ^ gpio_control_bidir_2[0].BUF[2]/X (sky130_fd_sc_hd__clkbuf_8)
    30    0.11                           gpio_control_bidir_2[0].serial_clock_out (net)
                  0.21    0.02    2.37 ^ gpio_control_in_2[9].BUF[2]/A (sky130_fd_sc_hd__buf_4)
                  0.10    0.20    2.56 ^ gpio_control_in_2[9].BUF[2]/X (sky130_fd_sc_hd__buf_4)
     8    0.03                           gpio_control_in_2[8].serial_clock (net)
                  0.10    0.00    2.57 ^ fanout1347/A (sky130_fd_sc_hd__buf_8)
                  0.16    0.19    2.76 ^ fanout1347/X (sky130_fd_sc_hd__buf_8)
    24    0.10                           net1347 (net)
                  0.16    0.00    2.76 ^ gpio_control_in_2[8].BUF[2]/A (sky130_fd_sc_hd__buf_4)
                  0.10    0.18    2.94 ^ gpio_control_in_2[8].BUF[2]/X (sky130_fd_sc_hd__buf_4)
     8    0.03                           gpio_control_in_2[7].serial_clock (net)
                  0.10    0.00    2.95 ^ _37452_/CLK (sky130_fd_sc_hd__dfrtp_4)
                  0.06    0.41    3.35 ^ _37452_/Q (sky130_fd_sc_hd__dfrtp_4)
     2    0.01                           gpio_control_in_2[7].shift_register[6] (net)
                  0.06    0.00    3.35 ^ hold11473/A (sky130_fd_sc_hd__clkdlybuf4s18_2)
                  0.03    0.18    3.54 ^ hold11473/X (sky130_fd_sc_hd__clkdlybuf4s18_2)
     1    0.00                           net14682 (net)
                  0.03    0.00    3.54 ^ hold10824/A (sky130_fd_sc_hd__clkdlybuf4s18_2)
                  0.03    0.17    3.71 ^ hold10824/X (sky130_fd_sc_hd__clkdlybuf4s18_2)
     1    0.00                           net14033 (net)
                  0.03    0.00    3.71 ^ hold11474/A (sky130_fd_sc_hd__clkdlybuf4s18_2)
                  0.03    0.17    3.88 ^ hold11474/X (sky130_fd_sc_hd__clkdlybuf4s18_2)
     1    0.00                           net14683 (net)
                  0.03    0.00    3.88 ^ hold10434/A (sky130_fd_sc_hd__clkdlybuf4s18_2)
                  0.03    0.18    4.06 ^ hold10434/X (sky130_fd_sc_hd__clkdlybuf4s18_2)
     1    0.00                           net13643 (net)
                  0.03    0.00    4.06 ^ hold11475/A (sky130_fd_sc_hd__clkdlybuf4s18_2)
                  0.03    0.17    4.23 ^ hold11475/X (sky130_fd_sc_hd__clkdlybuf4s18_2)
     1    0.00                           net14684 (net)
                  0.03    0.00    4.23 ^ hold10825/A (sky130_fd_sc_hd__clkdlybuf4s18_2)
                  0.03    0.18    4.41 ^ hold10825/X (sky130_fd_sc_hd__clkdlybuf4s18_2)
     1    0.00                           net14034 (net)
                  0.03    0.00    4.41 ^ _37453_/D (sky130_fd_sc_hd__dfrtp_4)
                                  4.41   data arrival time

                          0.00    0.00   clock hk_serial_clk (rise edge)
                          0.00    0.00   clock source latency
                  0.04    0.00    0.00 ^ housekeeping_alt/serial_clock (housekeeping_alt)
     3    0.02                           gpio_control_bidir_1[0].serial_clock (net)
                  0.04    0.00    0.00 ^ fanout2146/A (sky130_fd_sc_hd__buf_12)
                  0.22    0.21    0.21 ^ fanout2146/X (sky130_fd_sc_hd__buf_12)
    10    0.20                           net2146 (net)
                  0.27    0.09    0.29 ^ wire2148/A (sky130_fd_sc_hd__buf_6)
                  0.04    0.15    0.45 ^ wire2148/X (sky130_fd_sc_hd__buf_6)
     1    0.01                           net2148 (net)
                  0.04    0.00    0.45 ^ wire820/A (sky130_fd_sc_hd__buf_12)
                  0.29    0.17    0.62 ^ wire820/X (sky130_fd_sc_hd__buf_12)
     4    0.32                           net13299 (net)
                  0.67    0.32    0.94 ^ wire2147/A (sky130_fd_sc_hd__buf_12)
                  0.23    0.29    1.23 ^ wire2147/X (sky130_fd_sc_hd__buf_12)
     6    0.20                           net2147 (net)
                  0.32    0.11    1.35 ^ fanout2144/A (sky130_fd_sc_hd__buf_12)
                  0.19    0.24    1.59 ^ fanout2144/X (sky130_fd_sc_hd__buf_12)
    24    0.16                           net2144 (net)
                  0.23    0.07    1.66 ^ gpio_control_bidir_2[2].BUF[2]/A (sky130_fd_sc_hd__buf_6)
                  0.10    0.20    1.85 ^ gpio_control_bidir_2[2].BUF[2]/X (sky130_fd_sc_hd__buf_6)
     8    0.05                           gpio_control_bidir_2[1].serial_clock (net)
                  0.10    0.01    1.86 ^ gpio_control_bidir_2[1].BUF[2]/A (sky130_fd_sc_hd__buf_4)
                  0.11    0.18    2.04 ^ gpio_control_bidir_2[1].BUF[2]/X (sky130_fd_sc_hd__buf_4)
     8    0.04                           gpio_control_bidir_2[0].serial_clock (net)
                  0.11    0.00    2.04 ^ fanout1580/A (sky130_fd_sc_hd__buf_8)
                  0.15    0.20    2.24 ^ fanout1580/X (sky130_fd_sc_hd__buf_8)
    24    0.09                           net1580 (net)
                  0.15    0.01    2.25 ^ gpio_control_bidir_2[0].BUF[2]/A (sky130_fd_sc_hd__clkbuf_8)
                  0.20    0.28    2.53 ^ gpio_control_bidir_2[0].BUF[2]/X (sky130_fd_sc_hd__clkbuf_8)
    30    0.11                           gpio_control_bidir_2[0].serial_clock_out (net)
                  0.21    0.02    2.55 ^ gpio_control_in_2[9].BUF[2]/A (sky130_fd_sc_hd__buf_4)
                  0.10    0.21    2.76 ^ gpio_control_in_2[9].BUF[2]/X (sky130_fd_sc_hd__buf_4)
     8    0.03                           gpio_control_in_2[8].serial_clock (net)
                  0.10    0.00    2.77 ^ fanout1347/A (sky130_fd_sc_hd__buf_8)
                  0.16    0.21    2.97 ^ fanout1347/X (sky130_fd_sc_hd__buf_8)
    24    0.10                           net1347 (net)
                  0.16    0.00    2.98 ^ gpio_control_in_2[8].BUF[2]/A (sky130_fd_sc_hd__buf_4)
                  0.10    0.20    3.17 ^ gpio_control_in_2[8].BUF[2]/X (sky130_fd_sc_hd__buf_4)
     8    0.03                           gpio_control_in_2[7].serial_clock (net)
                  0.10    0.00    3.18 ^ fanout1279/A (sky130_fd_sc_hd__buf_8)
                  0.15    0.20    3.38 ^ fanout1279/X (sky130_fd_sc_hd__buf_8)
    24    0.09                           net1279 (net)
                  0.15    0.00    3.38 ^ _37453_/CLK (sky130_fd_sc_hd__dfrtp_4)
                          0.10    3.48   clock uncertainty
                         -0.23    3.25   clock reconvergence pessimism
                         -0.02    3.24   library hold time
                                  3.24   data required time
-----------------------------------------------------------------------------
                                  3.24   data required time
                                 -4.41   data arrival time
-----------------------------------------------------------------------------
                                  1.17   slack (MET)


Startpoint: _37186_ (rising edge-triggered flip-flop clocked by hk_serial_clk)
Endpoint: _37187_ (rising edge-triggered flip-flop clocked by hk_serial_clk)
Path Group: hk_serial_clk
Path Type: min

Fanout     Cap    Slew   Delay    Time   Description
-----------------------------------------------------------------------------
                          0.00    0.00   clock hk_serial_clk (rise edge)
                          0.00    0.00   clock source latency
                  0.04    0.00    0.00 ^ housekeeping_alt/serial_clock (housekeeping_alt)
     3    0.02                           gpio_control_bidir_1[0].serial_clock (net)
                  0.04    0.00    0.00 ^ fanout2146/A (sky130_fd_sc_hd__buf_12)
                  0.22    0.19    0.19 ^ fanout2146/X (sky130_fd_sc_hd__buf_12)
    10    0.20                           net2146 (net)
                  0.27    0.08    0.27 ^ wire2148/A (sky130_fd_sc_hd__buf_6)
                  0.04    0.14    0.42 ^ wire2148/X (sky130_fd_sc_hd__buf_6)
     1    0.01                           net2148 (net)
                  0.04    0.00    0.42 ^ wire820/A (sky130_fd_sc_hd__buf_12)
                  0.29    0.16    0.58 ^ wire820/X (sky130_fd_sc_hd__buf_12)
     4    0.32                           net13299 (net)
                  0.67    0.30    0.88 ^ wire2147/A (sky130_fd_sc_hd__buf_12)
                  0.23    0.27    1.14 ^ wire2147/X (sky130_fd_sc_hd__buf_12)
     6    0.20                           net2147 (net)
                  0.32    0.11    1.25 ^ fanout2144/A (sky130_fd_sc_hd__buf_12)
                  0.19    0.22    1.47 ^ fanout2144/X (sky130_fd_sc_hd__buf_12)
    24    0.16                           net2144 (net)
                  0.23    0.06    1.54 ^ gpio_control_bidir_2[2].BUF[2]/A (sky130_fd_sc_hd__buf_6)
                  0.10    0.18    1.72 ^ gpio_control_bidir_2[2].BUF[2]/X (sky130_fd_sc_hd__buf_6)
     8    0.05                           gpio_control_bidir_2[1].serial_clock (net)
                  0.10    0.01    1.72 ^ gpio_control_bidir_2[1].BUF[2]/A (sky130_fd_sc_hd__buf_4)
                  0.11    0.17    1.89 ^ gpio_control_bidir_2[1].BUF[2]/X (sky130_fd_sc_hd__buf_4)
     8    0.04                           gpio_control_bidir_2[0].serial_clock (net)
                  0.11    0.00    1.90 ^ _37186_/CLK (sky130_fd_sc_hd__dfrtp_4)
                  0.06    0.41    2.31 ^ _37186_/Q (sky130_fd_sc_hd__dfrtp_4)
     2    0.01                           gpio_control_bidir_2[0].shift_register[9] (net)
                  0.06    0.00    2.31 ^ hold11500/A (sky130_fd_sc_hd__clkdlybuf4s18_2)
                  0.03    0.18    2.49 ^ hold11500/X (sky130_fd_sc_hd__clkdlybuf4s18_2)
     1    0.00                           net14709 (net)
                  0.03    0.00    2.49 ^ hold10832/A (sky130_fd_sc_hd__clkdlybuf4s18_2)
                  0.03    0.17    2.66 ^ hold10832/X (sky130_fd_sc_hd__clkdlybuf4s18_2)
     1    0.00                           net14041 (net)
                  0.03    0.00    2.66 ^ hold11501/A (sky130_fd_sc_hd__clkdlybuf4s18_2)
                  0.03    0.17    2.84 ^ hold11501/X (sky130_fd_sc_hd__clkdlybuf4s18_2)
     1    0.00                           net14710 (net)
                  0.03    0.00    2.84 ^ hold10440/A (sky130_fd_sc_hd__clkdlybuf4s18_2)
                  0.03    0.17    3.01 ^ hold10440/X (sky130_fd_sc_hd__clkdlybuf4s18_2)
     1    0.00                           net13649 (net)
                  0.03    0.00    3.01 ^ hold11502/A (sky130_fd_sc_hd__clkdlybuf4s18_2)
                  0.03    0.17    3.18 ^ hold11502/X (sky130_fd_sc_hd__clkdlybuf4s18_2)
     1    0.00                           net14711 (net)
                  0.03    0.00    3.18 ^ hold10833/A (sky130_fd_sc_hd__clkdlybuf4s18_2)
                  0.03    0.17    3.35 ^ hold10833/X (sky130_fd_sc_hd__clkdlybuf4s18_2)
     1    0.00                           net14042 (net)
                  0.03    0.00    3.35 ^ _37187_/D (sky130_fd_sc_hd__dfrtp_4)
                                  3.35   data arrival time

                          0.00    0.00   clock hk_serial_clk (rise edge)
                          0.00    0.00   clock source latency
                  0.04    0.00    0.00 ^ housekeeping_alt/serial_clock (housekeeping_alt)
     3    0.02                           gpio_control_bidir_1[0].serial_clock (net)
                  0.04    0.00    0.00 ^ fanout2146/A (sky130_fd_sc_hd__buf_12)
                  0.22    0.21    0.21 ^ fanout2146/X (sky130_fd_sc_hd__buf_12)
    10    0.20                           net2146 (net)
                  0.27    0.09    0.29 ^ wire2148/A (sky130_fd_sc_hd__buf_6)
                  0.04    0.15    0.45 ^ wire2148/X (sky130_fd_sc_hd__buf_6)
     1    0.01                           net2148 (net)
                  0.04    0.00    0.45 ^ wire820/A (sky130_fd_sc_hd__buf_12)
                  0.29    0.17    0.62 ^ wire820/X (sky130_fd_sc_hd__buf_12)
     4    0.32                           net13299 (net)
                  0.67    0.32    0.94 ^ wire2147/A (sky130_fd_sc_hd__buf_12)
                  0.23    0.29    1.23 ^ wire2147/X (sky130_fd_sc_hd__buf_12)
     6    0.20                           net2147 (net)
                  0.32    0.11    1.35 ^ fanout2144/A (sky130_fd_sc_hd__buf_12)
                  0.19    0.24    1.59 ^ fanout2144/X (sky130_fd_sc_hd__buf_12)
    24    0.16                           net2144 (net)
                  0.23    0.07    1.66 ^ gpio_control_bidir_2[2].BUF[2]/A (sky130_fd_sc_hd__buf_6)
                  0.10    0.20    1.85 ^ gpio_control_bidir_2[2].BUF[2]/X (sky130_fd_sc_hd__buf_6)
     8    0.05                           gpio_control_bidir_2[1].serial_clock (net)
                  0.10    0.01    1.86 ^ gpio_control_bidir_2[1].BUF[2]/A (sky130_fd_sc_hd__buf_4)
                  0.11    0.18    2.04 ^ gpio_control_bidir_2[1].BUF[2]/X (sky130_fd_sc_hd__buf_4)
     8    0.04                           gpio_control_bidir_2[0].serial_clock (net)
                  0.11    0.00    2.04 ^ fanout1580/A (sky130_fd_sc_hd__buf_8)
                  0.15    0.20    2.24 ^ fanout1580/X (sky130_fd_sc_hd__buf_8)
    24    0.09                           net1580 (net)
                  0.15    0.00    2.24 ^ _37187_/CLK (sky130_fd_sc_hd__dfrtp_4)
                          0.10    2.34   clock uncertainty
                         -0.15    2.20   clock reconvergence pessimism
                         -0.02    2.18   library hold time
                                  2.18   data required time
-----------------------------------------------------------------------------
                                  2.18   data required time
                                 -3.35   data arrival time
-----------------------------------------------------------------------------
                                  1.17   slack (MET)


