****************************************
Report : constraint
	-all_violators
	-path slack_only
Design : caravel_clocking
Version: T-2022.03-SP3
Date   : Sun Mar 26 04:30:51 2023
****************************************



   min_delay/hold ('clock_gating_default' group)

   Endpoint                                                  Slack
   -----------------------------------------------------------------
   _307_/A1                                                -3.0414  (VIOLATED)
   _311_/A1                                                -3.0361  (VIOLATED)
   _311_/A3                                                -3.0211  (VIOLATED)
   _307_/A3                                                -3.0083  (VIOLATED)
   _308_/A_N                                               -2.7228  (VIOLATED)
   _304_/A_N                                               -2.6911  (VIOLATED)



   clock_gating_hold

   Endpoint                                                  Slack
   -----------------------------------------------------------------
   _307_/A1                                                -3.0414  (VIOLATED)
   _311_/A1                                                -3.0361  (VIOLATED)
   _311_/A3                                                -3.0211  (VIOLATED)
   _307_/A3                                                -3.0083  (VIOLATED)
   _308_/A_N                                               -2.7228  (VIOLATED)
   _304_/A_N                                               -2.6911  (VIOLATED)


1
