Information: Setting timing_save_pin_arrival_and_slack to TRUE and updating timing. (PTE-076)
Information: It is recommended that the variable timing_save_pin_arrival_and_slack be set before the initial timing update for optimal performance of this command. (PTE-077)
****************************************
Report : si_bottleneck
	-cost_type delta_delay
	-slack_lesser_than 10
	-all_nets
	-significant_digits 4
	-nosplit
	-minimum_active_aggressors 1
	-min
	-max
Design : caravel_clocking
Version: T-2022.03-SP3
Date   : Sun Mar 26 04:30:52 2023
****************************************

 Bottleneck Cost:  delta_delay
 net                                                         cost
 ---------------------------------------------------------------------
 _201_                                                         0.0367
 _132_                                                         0.0350
 _107_                                                         0.0316
 _138_                                                         0.0305
 _094_                                                         0.0281
 _146_                                                         0.0265
 _091_                                                         0.0253
 _196_                                                         0.0242
 _161_                                                         0.0239
 _167_                                                         0.0236
 _092_                                                         0.0223
 _185_                                                         0.0218
 _032_                                                         0.0217
 _157_                                                         0.0206
 _199_                                                         0.0204
 _137_                                                         0.0198
 _139_                                                         0.0190
 _035_                                                         0.0190
 _108_                                                         0.0190
 _109_                                                         0.0174
 _030_                                                         0.0163
 _113_                                                         0.0160
 _179_                                                         0.0157
 _129_                                                         0.0153
 divider2.even_0.N[1]                                          0.0152
 _191_                                                         0.0151
 _098_                                                         0.0142
 _159_                                                         0.0128
 _177_                                                         0.0127
 _073_                                                         0.0127
 _173_                                                         0.0126
 _133_                                                         0.0125
 divider2.even_0.N[0]                                          0.0123
 _053_                                                         0.0122
 _061_                                                         0.0121
 divider2.odd_0.initial_begin[1]                               0.0118
 divider2.odd_0.initial_begin[2]                               0.0116
 _001_                                                         0.0114
 _028_                                                         0.0110
 _130_                                                         0.0108
 _003_                                                         0.0098
 _148_                                                         0.0098
 _093_                                                         0.0094
 _202_                                                         0.0093
 _110_                                                         0.0092
 _065_                                                         0.0084
 _193_                                                         0.0084
 _062_                                                         0.0082
 divider2.odd_0.initial_begin[0]                               0.0081
 divider.syncNp[0]                                             0.0081
 _018_                                                         0.0081
 _078_                                                         0.0080
 divider.odd_0.initial_begin[1]                                0.0079
 _140_                                                         0.0075
 divider2.odd_0.counter2[2]                                    0.0074
 _198_                                                         0.0073
 divider.even_0.N[2]                                           0.0069
 _155_                                                         0.0068
 _181_                                                         0.0067
 divider.even_0.counter[1]                                     0.0067
 _186_                                                         0.0067
 _120_                                                         0.0066
 divider2.even_0.counter[0]                                    0.0066
 divider2.even_0.counter[2]                                    0.0065
 _176_                                                         0.0063
 _135_                                                         0.0063
 _142_                                                         0.0060
 _012_                                                         0.0058
 _042_                                                         0.0058
 _057_                                                         0.0057
 divider.even_0.N[1]                                           0.0057
 _189_                                                         0.0057
 _163_                                                         0.0052
 _174_                                                         0.0051
 divider2.odd_0.counter[2]                                     0.0050
 divider.odd_0.counter2[0]                                     0.0050
 _151_                                                         0.0050
 _014_                                                         0.0048
 _010_                                                         0.0047
 _195_                                                         0.0046
 _168_                                                         0.0045
 _121_                                                         0.0045
 divider2.odd_0.counter2[0]                                    0.0044
 net20                                                         0.0043
 _105_                                                         0.0043
 reset_delay[0]                                                0.0043
 net14                                                         0.0043
 _004_                                                         0.0042
 net17                                                         0.0041
 _170_                                                         0.0040
 _095_                                                         0.0039
 _178_                                                         0.0039
 _143_                                                         0.0039
 _192_                                                         0.0039
 _099_                                                         0.0038
 _188_                                                         0.0038
 _006_                                                         0.0036
 _182_                                                         0.0036
 _160_                                                         0.0036
 _190_                                                         0.0035
 _022_                                                         0.0035
 divider.even_0.counter[0]                                     0.0034
 _011_                                                         0.0034
 _200_                                                         0.0034
 _066_                                                         0.0034
 _064_                                                         0.0034
 _077_                                                         0.0033
 divider.odd_0.initial_begin[2]                                0.0032
 _144_                                                         0.0031
 net21                                                         0.0030
 _197_                                                         0.0030
 _074_                                                         0.0029
 _023_                                                         0.0029
 _103_                                                         0.0028
 _106_                                                         0.0026
 _043_                                                         0.0026
 _021_                                                         0.0026
 _050_                                                         0.0024
 net26                                                         0.0024
 _150_                                                         0.0023
 _119_                                                         0.0023
 _090_                                                         0.0023
 _072_                                                         0.0023
 _052_                                                         0.0022
 _166_                                                         0.0022
 net44                                                         0.0022
 _136_                                                         0.0021
 _017_                                                         0.0021
 _194_                                                         0.0021
 _046_                                                         0.0020
 _158_                                                         0.0020
 _175_                                                         0.0019
 _169_                                                         0.0019
 reset_delay[1]                                                0.0019
 _009_                                                         0.0018
 net25                                                         0.0017
 _164_                                                         0.0016
 _097_                                                         0.0015
 net12                                                         0.0015
 _054_                                                         0.0015
 _180_                                                         0.0015
 _134_                                                         0.0013
 _075_                                                         0.0012
 _115_                                                         0.0012
 _059_                                                         0.0011
 divider.odd_0.old_N[1]                                        0.0011
 _111_                                                         0.0011
 _096_                                                         0.0011
 _016_                                                         0.0010
 _145_                                                         0.0010
 _101_                                                         0.0009
 _070_                                                         0.0009
 _048_                                                         0.0009
 _124_                                                         0.0008
 _039_                                                         0.0008
 _125_                                                         0.0007
 divider2.even_0.N[2]                                          0.0007
 _069_                                                         0.0007
 _002_                                                         0.0003
 _071_                                                         0.0002
 divider.odd_0.rst_pulse                                       0.0001
 net22                                                        -0.0000
 _122_                                                        -0.0000
 divider2.odd_0.counter[0]                                    -0.0000
 _141_                                                         0.0000
 divider2.odd_0.counter2[1]                                   -0.0000
 _116_                                                        -0.0000
 _126_                                                        -0.0000
 _068_                                                         0.0000
 _058_                                                        -0.0000
 divider2.even_0.counter[1]                                   -0.0000
 _112_                                                        -0.0000
 _100_                                                         0.0000
 _118_                                                         0.0000
 _063_                                                        -0.0000
 divider.odd_0.initial_begin[0]                               -0.0000
 divider.even_0.counter[2]                                    -0.0000
 _102_                                                         0.0000
 net47                                                         0.0000
 use_pll_first                                                -0.0000
 _024_                                                        -0.0000
 net46                                                         0.0000
 reset_delay[2]                                                0.0000
 _020_                                                         0.0000
 _019_                                                        -0.0000
 net43                                                         0.0000
 net42                                                        -0.0000
 divider.odd_0.counter[2]                                      0.0000
 net19                                                        -0.0000
 divider2.syncNp[1]                                            0.0000
 net16                                                        -0.0000
 divider2.syncNp[0]                                           -0.0000
 divider.syncNp[2]                                             0.0000
 net15                                                        -0.0000
 divider2.odd_0.out_counter2                                  -0.0000
 divider2.odd_0.out_counter                                    0.0000
 divider.syncNp[1]                                            -0.0000
 divider.odd_0.counter[1]                                      0.0000
 divider2.odd_0.old_N[2]                                       0.0000
 _131_                                                         0.0000
 _076_                                                        -0.0000
 divider2.odd_0.old_N[1]                                       0.0000
 _162_                                                        -0.0000
 divider2.odd_0.old_N[0]                                      -0.0000
 _033_                                                        -0.0000
 _029_                                                        -0.0000
 _025_                                                         0.0000
 _156_                                                         0.0000
 _015_                                                        -0.0000
 _154_                                                        -0.0000
 divider.odd_0.out_counter                                    -0.0000
 _007_                                                        -0.0000
 _005_                                                        -0.0000
 _147_                                                        -0.0000
 divider2.odd_0.counter[1]                                    -0.0000
 divider.odd_0.old_N[2]                                       -0.0000
 divider.odd_0.counter2[2]                                    -0.0000
 divider.odd_0.counter2[1]                                     0.0000
 divider.even_0.N[0]                                          -0.0000

1
