****************************************
Report : case_analysis
Design : caravan
Version: T-2022.03-SP3
Date   : Tue Oct 25 06:53:37 2022
****************************************

Pin name                                         User case analysis value
--------------------------------------------------------------------------------
housekeeping/_3936_/S                            0
housekeeping/_3937_/S                            0
padframe/flash_csb_pad/DM[2]                     1
padframe/flash_clk_pad/DM[2]                     1
padframe/gpio_pad/DM[2]                          1
padframe/flash_io1_pad/DM[2]                     1
padframe/flash_io0_pad/DM[2]                     1
padframe/flash_csb_pad/DM[1]                     1
padframe/flash_clk_pad/DM[1]                     1
padframe/gpio_pad/DM[1]                          1
padframe/flash_io1_pad/DM[1]                     1
padframe/flash_io0_pad/DM[1]                     1
padframe/flash_csb_pad/DM[0]                     0
padframe/flash_clk_pad/DM[0]                     0
padframe/gpio_pad/DM[0]                          0
padframe/flash_io1_pad/DM[0]                     0
padframe/flash_io0_pad/DM[0]                     0
padframe/flash_csb_pad/SLOW                      0
padframe/flash_clk_pad/SLOW                      0
padframe/gpio_pad/SLOW                           0
padframe/clock_pad/SLOW                          0
padframe/flash_io1_pad/SLOW                      0
padframe/flash_io0_pad/SLOW                      0
padframe/flash_csb_pad/ANALOG_EN                 0
padframe/flash_clk_pad/ANALOG_EN                 0
padframe/gpio_pad/ANALOG_EN                      0
padframe/clock_pad/ANALOG_EN                     0
padframe/flash_io1_pad/ANALOG_EN                 0
padframe/flash_io0_pad/ANALOG_EN                 0
padframe/mprj_pads.area1_io_pad[8]/DM[2]         1
padframe/mprj_pads.area1_io_pad[3]/DM[2]         1
padframe/mprj_pads.area1_io_pad[10]/DM[2]        1
padframe/mprj_pads.area2_io_pad[5]/DM[2]         1
padframe/mprj_pads.area2_io_pad[0]/DM[2]         1
padframe/mprj_pads.area1_io_pad[6]/DM[2]         1
padframe/mprj_pads.area1_io_pad[13]/DM[2]        1
padframe/mprj_pads.area1_io_pad[1]/DM[2]         1
padframe/mprj_pads.area2_io_pad[8]/DM[2]         1
padframe/mprj_pads.area2_io_pad[3]/DM[2]         1
padframe/mprj_pads.area2_io_pad[12]/DM[2]        1
padframe/mprj_pads.area1_io_pad[9]/DM[2]         1
padframe/mprj_pads.area1_io_pad[11]/DM[2]        1
padframe/mprj_pads.area2_io_pad[6]/DM[2]         1
padframe/mprj_pads.area2_io_pad[1]/DM[2]         1
padframe/mprj_pads.area2_io_pad[10]/DM[2]        1
padframe/mprj_pads.area1_io_pad[7]/DM[2]         1
padframe/mprj_pads.area2_io_pad[9]/DM[2]         1
padframe/mprj_pads.area2_io_pad[4]/DM[2]         1
padframe/mprj_pads.area1_io_pad[5]/DM[2]         1
padframe/mprj_pads.area1_io_pad[12]/DM[2]        1
padframe/mprj_pads.area1_io_pad[0]/DM[2]         1
padframe/mprj_pads.area2_io_pad[7]/DM[2]         1
padframe/mprj_pads.area2_io_pad[2]/DM[2]         1
padframe/mprj_pads.area2_io_pad[11]/DM[2]        1
padframe/mprj_pads.area1_io_pad[8]/DM[1]         1
padframe/mprj_pads.area1_io_pad[3]/DM[1]         1
padframe/mprj_pads.area1_io_pad[10]/DM[1]        1
padframe/mprj_pads.area2_io_pad[5]/DM[1]         1
padframe/mprj_pads.area2_io_pad[0]/DM[1]         1
padframe/mprj_pads.area1_io_pad[6]/DM[1]         1
padframe/mprj_pads.area1_io_pad[13]/DM[1]        1
padframe/mprj_pads.area1_io_pad[1]/DM[1]         1
padframe/mprj_pads.area2_io_pad[8]/DM[1]         1
padframe/mprj_pads.area2_io_pad[3]/DM[1]         1
padframe/mprj_pads.area2_io_pad[12]/DM[1]        1
padframe/mprj_pads.area1_io_pad[9]/DM[1]         1
padframe/mprj_pads.area1_io_pad[11]/DM[1]        1
padframe/mprj_pads.area2_io_pad[6]/DM[1]         1
padframe/mprj_pads.area2_io_pad[1]/DM[1]         1
padframe/mprj_pads.area2_io_pad[10]/DM[1]        1
padframe/mprj_pads.area1_io_pad[7]/DM[1]         1
padframe/mprj_pads.area2_io_pad[9]/DM[1]         1
padframe/mprj_pads.area2_io_pad[4]/DM[1]         1
padframe/mprj_pads.area1_io_pad[5]/DM[1]         1
padframe/mprj_pads.area1_io_pad[12]/DM[1]        1
padframe/mprj_pads.area1_io_pad[0]/DM[1]         1
padframe/mprj_pads.area2_io_pad[7]/DM[1]         1
padframe/mprj_pads.area2_io_pad[2]/DM[1]         1
padframe/mprj_pads.area2_io_pad[11]/DM[1]        1
padframe/mprj_pads.area1_io_pad[8]/DM[0]         0
padframe/mprj_pads.area1_io_pad[3]/DM[0]         0
padframe/mprj_pads.area1_io_pad[10]/DM[0]        0
padframe/mprj_pads.area2_io_pad[5]/DM[0]         0
padframe/mprj_pads.area2_io_pad[0]/DM[0]         0
padframe/mprj_pads.area1_io_pad[6]/DM[0]         0
padframe/mprj_pads.area1_io_pad[13]/DM[0]        0
padframe/mprj_pads.area1_io_pad[1]/DM[0]         0
padframe/mprj_pads.area2_io_pad[8]/DM[0]         0
padframe/mprj_pads.area2_io_pad[3]/DM[0]         0
padframe/mprj_pads.area2_io_pad[12]/DM[0]        0
padframe/mprj_pads.area1_io_pad[9]/DM[0]         0
padframe/mprj_pads.area1_io_pad[11]/DM[0]        0
padframe/mprj_pads.area2_io_pad[6]/DM[0]         0
padframe/mprj_pads.area2_io_pad[1]/DM[0]         0
padframe/mprj_pads.area2_io_pad[10]/DM[0]        0
padframe/mprj_pads.area1_io_pad[7]/DM[0]         0
padframe/mprj_pads.area2_io_pad[9]/DM[0]         0
padframe/mprj_pads.area2_io_pad[4]/DM[0]         0
padframe/mprj_pads.area1_io_pad[5]/DM[0]         0
padframe/mprj_pads.area1_io_pad[12]/DM[0]        0
padframe/mprj_pads.area1_io_pad[0]/DM[0]         0
padframe/mprj_pads.area2_io_pad[7]/DM[0]         0
padframe/mprj_pads.area2_io_pad[2]/DM[0]         0
padframe/mprj_pads.area2_io_pad[11]/DM[0]        0
padframe/mprj_pads.area1_io_pad[8]/SLOW          0
padframe/mprj_pads.area1_io_pad[3]/SLOW          0
padframe/mprj_pads.area1_io_pad[10]/SLOW         0
padframe/mprj_pads.area2_io_pad[5]/SLOW          0
padframe/mprj_pads.area2_io_pad[0]/SLOW          0
padframe/mprj_pads.area1_io_pad[6]/SLOW          0
padframe/mprj_pads.area1_io_pad[13]/SLOW         0
padframe/mprj_pads.area1_io_pad[1]/SLOW          0
padframe/mprj_pads.area2_io_pad[8]/SLOW          0
padframe/mprj_pads.area2_io_pad[3]/SLOW          0
padframe/mprj_pads.area2_io_pad[12]/SLOW         0
padframe/mprj_pads.area1_io_pad[9]/SLOW          0
padframe/mprj_pads.area1_io_pad[4]/SLOW          0
padframe/mprj_pads.area1_io_pad[11]/SLOW         0
padframe/mprj_pads.area2_io_pad[6]/SLOW          0
padframe/mprj_pads.area2_io_pad[1]/SLOW          0
padframe/mprj_pads.area2_io_pad[10]/SLOW         0
padframe/mprj_pads.area1_io_pad[7]/SLOW          0
padframe/mprj_pads.area1_io_pad[2]/SLOW          0
padframe/mprj_pads.area2_io_pad[9]/SLOW          0
padframe/mprj_pads.area2_io_pad[4]/SLOW          0
padframe/mprj_pads.area1_io_pad[5]/SLOW          0
padframe/mprj_pads.area1_io_pad[12]/SLOW         0
padframe/mprj_pads.area1_io_pad[0]/SLOW          0
padframe/mprj_pads.area2_io_pad[7]/SLOW          0
padframe/mprj_pads.area2_io_pad[2]/SLOW          0
padframe/mprj_pads.area2_io_pad[11]/SLOW         0
padframe/mprj_pads.area1_io_pad[8]/ANALOG_EN     0
padframe/mprj_pads.area1_io_pad[3]/ANALOG_EN     0
padframe/mprj_pads.area1_io_pad[10]/ANALOG_EN    0
padframe/mprj_pads.area2_io_pad[5]/ANALOG_EN     0
padframe/mprj_pads.area2_io_pad[0]/ANALOG_EN     0
padframe/mprj_pads.area1_io_pad[6]/ANALOG_EN     0
padframe/mprj_pads.area1_io_pad[13]/ANALOG_EN    0
padframe/mprj_pads.area1_io_pad[1]/ANALOG_EN     0
padframe/mprj_pads.area2_io_pad[8]/ANALOG_EN     0
padframe/mprj_pads.area2_io_pad[3]/ANALOG_EN     0
padframe/mprj_pads.area2_io_pad[12]/ANALOG_EN    0
padframe/mprj_pads.area1_io_pad[9]/ANALOG_EN     0
padframe/mprj_pads.area1_io_pad[4]/ANALOG_EN     0
padframe/mprj_pads.area1_io_pad[11]/ANALOG_EN    0
padframe/mprj_pads.area2_io_pad[6]/ANALOG_EN     0
padframe/mprj_pads.area2_io_pad[1]/ANALOG_EN     0
padframe/mprj_pads.area2_io_pad[10]/ANALOG_EN    0
padframe/mprj_pads.area1_io_pad[7]/ANALOG_EN     0
padframe/mprj_pads.area1_io_pad[2]/ANALOG_EN     0
padframe/mprj_pads.area2_io_pad[9]/ANALOG_EN     0
padframe/mprj_pads.area2_io_pad[4]/ANALOG_EN     0
padframe/mprj_pads.area1_io_pad[5]/ANALOG_EN     0
padframe/mprj_pads.area1_io_pad[12]/ANALOG_EN    0
padframe/mprj_pads.area1_io_pad[0]/ANALOG_EN     0
padframe/mprj_pads.area2_io_pad[7]/ANALOG_EN     0
padframe/mprj_pads.area2_io_pad[2]/ANALOG_EN     0
padframe/mprj_pads.area2_io_pad[11]/ANALOG_EN    0
padframe/mprj_pads.area1_io_pad[4]/DM[2]         0
padframe/mprj_pads.area1_io_pad[4]/DM[1]         0
padframe/mprj_pads.area1_io_pad[4]/DM[0]         1
padframe/mprj_pads.area1_io_pad[2]/DM[2]         0
padframe/mprj_pads.area1_io_pad[2]/DM[1]         0
padframe/mprj_pads.area1_io_pad[2]/DM[0]         1
padframe/clock_pad/DM[2]                         0
padframe/clock_pad/DM[1]                         0
padframe/clock_pad/DM[0]                         1

1
