
===========================================================================
report_checks -unconstrained
===========================================================================
======================= nom_ff_n40C_1v95 Corner ===================================

Startpoint: dco (input port clocked by VIRTUAL_CLK)
Endpoint: clockp[1] (output port clocked by VIRTUAL_CLK)
Path Group: VIRTUAL_CLK
Path Type: max

Fanout         Cap        Slew       Delay        Time   Description
---------------------------------------------------------------------------------------------
                      0.000000    0.000000    0.000000   clock VIRTUAL_CLK (rise edge)
                                  0.000000    0.000000   clock network delay (ideal)
                                  3.000000    3.000000 ^ input external delay
                      0.091406    0.065939    3.065939 ^ dco (in)
     6    0.025920                                       dco (net)
                      0.091422    0.000000    3.065939 ^ U128/A (sky130_fd_sc_hd__nand2_1)
                      0.041497    0.046302    3.112241 v U128/Y (sky130_fd_sc_hd__nand2_1)
     2    0.005735                                       n81 (net)
                      0.041498    0.000107    3.112347 v U123/A (sky130_fd_sc_hd__nand2_1)
                      0.046276    0.054327    3.166674 ^ U123/Y (sky130_fd_sc_hd__nand2_1)
     1    0.004981                                       n76 (net)
                      0.046277    0.000174    3.166847 ^ ringosc_dstage_6__id_delayen1/TE (sky130_fd_sc_hd__einvp_2)
                      0.098431    0.129333    3.296180 ^ ringosc_dstage_6__id_delayen1/Z (sky130_fd_sc_hd__einvp_2)
     1    0.012689                                       ringosc_dstage_6__id_d1 (net)
                      0.098432    0.000258    3.296438 ^ ringosc_dstage_6__id_delayint0/A (sky130_fd_sc_hd__clkinv_1)
                      0.029431    0.033358    3.329797 v ringosc_dstage_6__id_delayint0/Y (sky130_fd_sc_hd__clkinv_1)
     1    0.004759                                       ringosc_dstage_6__id_d2 (net)
                      0.029431    0.000109    3.329906 v ringosc_dstage_6__id_delayen0/A (sky130_fd_sc_hd__einvp_2)
                      0.121898    0.107859    3.437765 ^ ringosc_dstage_6__id_delayen0/Z (sky130_fd_sc_hd__einvp_2)
     1    0.015650                                       ringosc_d[7] (net)
                      0.121898    0.000184    3.437948 ^ ringosc_dstage_7__id_delaybuf0/A (sky130_fd_sc_hd__clkbuf_2)
                      0.138634    0.138976    3.576924 ^ ringosc_dstage_7__id_delaybuf0/X (sky130_fd_sc_hd__clkbuf_2)
     3    0.032664                                       ringosc_dstage_7__id_ts (net)
                      0.138646    0.001112    3.578036 ^ ringosc_dstage_7__id_delaybuf1/A (sky130_fd_sc_hd__clkbuf_1)
                      0.058842    0.083116    3.661151 ^ ringosc_dstage_7__id_delaybuf1/X (sky130_fd_sc_hd__clkbuf_1)
     1    0.005932                                       ringosc_dstage_7__id_d0 (net)
                      0.058843    0.000208    3.661359 ^ ringosc_dstage_7__id_delayen1/A (sky130_fd_sc_hd__einvp_2)
                      0.035888    0.042699    3.704058 v ringosc_dstage_7__id_delayen1/Z (sky130_fd_sc_hd__einvp_2)
     1    0.011339                                       ringosc_dstage_7__id_d1 (net)
                      0.035890    0.000271    3.704329 v ringosc_dstage_7__id_delayint0/A (sky130_fd_sc_hd__clkinv_1)
                      0.027652    0.025716    3.730045 ^ ringosc_dstage_7__id_delayint0/Y (sky130_fd_sc_hd__clkinv_1)
     1    0.005497                                       ringosc_dstage_7__id_d2 (net)
                      0.027653    0.000129    3.730174 ^ ringosc_dstage_7__id_delayen0/A (sky130_fd_sc_hd__einvp_2)
                      0.048112    0.049320    3.779494 v ringosc_dstage_7__id_delayen0/Z (sky130_fd_sc_hd__einvp_2)
     1    0.018275                                       ringosc_d[8] (net)
                      0.048114    0.000277    3.779770 v ringosc_dstage_8__id_delaybuf0/A (sky130_fd_sc_hd__clkbuf_2)
                      0.076556    0.108494    3.888264 v ringosc_dstage_8__id_delaybuf0/X (sky130_fd_sc_hd__clkbuf_2)
     3    0.028132                                       ringosc_dstage_8__id_ts (net)
                      0.076559    0.000371    3.888635 v ringosc_dstage_8__id_delaybuf1/A (sky130_fd_sc_hd__clkbuf_1)
                      0.026850    0.084849    3.973484 v ringosc_dstage_8__id_delaybuf1/X (sky130_fd_sc_hd__clkbuf_1)
     1    0.004960                                       ringosc_dstage_8__id_d0 (net)
                      0.026851    0.000162    3.973646 v ringosc_dstage_8__id_delayen1/A (sky130_fd_sc_hd__einvp_2)
                      0.093926    0.085715    4.059361 ^ ringosc_dstage_8__id_delayen1/Z (sky130_fd_sc_hd__einvp_2)
     1    0.012056                                       ringosc_dstage_8__id_d1 (net)
                      0.093927    0.000243    4.059604 ^ ringosc_dstage_8__id_delayint0/A (sky130_fd_sc_hd__clkinv_1)
                      0.028203    0.032356    4.091960 v ringosc_dstage_8__id_delayint0/Y (sky130_fd_sc_hd__clkinv_1)
     1    0.004515                                       ringosc_dstage_8__id_d2 (net)
                      0.028204    0.000139    4.092099 v ringosc_dstage_8__id_delayen0/A (sky130_fd_sc_hd__einvp_2)
                      0.130851    0.114207    4.206306 ^ ringosc_dstage_8__id_delayen0/Z (sky130_fd_sc_hd__einvp_2)
     1    0.016798                                       ringosc_d[9] (net)
                      0.130852    0.000269    4.206576 ^ ringosc_dstage_9__id_delaybuf0/A (sky130_fd_sc_hd__clkbuf_2)
                      0.157473    0.152391    4.358967 ^ ringosc_dstage_9__id_delaybuf0/X (sky130_fd_sc_hd__clkbuf_2)
     3    0.037326                                       ringosc_dstage_9__id_ts (net)
                      0.157481    0.001020    4.359987 ^ ringosc_dstage_9__id_delaybuf1/A (sky130_fd_sc_hd__clkbuf_1)
                      0.112964    0.122599    4.482586 ^ ringosc_dstage_9__id_delaybuf1/X (sky130_fd_sc_hd__clkbuf_1)
     1    0.012370                                       ringosc_dstage_9__id_d0 (net)
                      0.112968    0.000572    4.483159 ^ ringosc_dstage_9__id_delayen1/A (sky130_fd_sc_hd__einvp_2)
                      0.060166    0.066608    4.549767 v ringosc_dstage_9__id_delayen1/Z (sky130_fd_sc_hd__einvp_2)
     1    0.017564                                       ringosc_dstage_9__id_d1 (net)
                      0.060176    0.000668    4.550435 v ringosc_dstage_9__id_delayint0/A (sky130_fd_sc_hd__clkinv_1)
                      0.049293    0.041213    4.591648 ^ ringosc_dstage_9__id_delayint0/Y (sky130_fd_sc_hd__clkinv_1)
     1    0.010684                                       ringosc_dstage_9__id_d2 (net)
                      0.049298    0.000456    4.592103 ^ ringosc_dstage_9__id_delayen0/A (sky130_fd_sc_hd__einvp_2)
                      0.045904    0.052349    4.644452 v ringosc_dstage_9__id_delayen0/Z (sky130_fd_sc_hd__einvp_2)
     1    0.016793                                       ringosc_d[10] (net)
                      0.045907    0.000349    4.644802 v ringosc_dstage_10__id_delaybuf0/A (sky130_fd_sc_hd__clkbuf_2)
                      0.078630    0.110430    4.755231 v ringosc_dstage_10__id_delaybuf0/X (sky130_fd_sc_hd__clkbuf_2)
     3    0.029014                                       ringosc_dstage_10__id_ts (net)
                      0.078636    0.000608    4.755840 v ringosc_dstage_10__id_delaybuf1/A (sky130_fd_sc_hd__clkbuf_1)
                      0.036937    0.094758    4.850598 v ringosc_dstage_10__id_delaybuf1/X (sky130_fd_sc_hd__clkbuf_1)
     1    0.007739                                       ringosc_dstage_10__id_d0 (net)
                      0.036941    0.000354    4.850952 v ringosc_dstage_10__id_delayen1/A (sky130_fd_sc_hd__einvp_2)
                      0.102870    0.095892    4.946844 ^ ringosc_dstage_10__id_delayen1/Z (sky130_fd_sc_hd__einvp_2)
     1    0.013210                                       ringosc_dstage_10__id_d1 (net)
                      0.102871    0.000285    4.947129 ^ ringosc_dstage_10__id_delayint0/A (sky130_fd_sc_hd__clkinv_1)
                      0.033762    0.036730    4.983859 v ringosc_dstage_10__id_delayint0/Y (sky130_fd_sc_hd__clkinv_1)
     1    0.005610                                       ringosc_dstage_10__id_d2 (net)
                      0.033763    0.000204    4.984063 v ringosc_dstage_10__id_delayen0/A (sky130_fd_sc_hd__einvp_2)
                      0.123410    0.110404    5.094467 ^ ringosc_dstage_10__id_delayen0/Z (sky130_fd_sc_hd__einvp_2)
     1    0.015839                                       ringosc_d[11] (net)
                      0.123411    0.000280    5.094747 ^ ringosc_dstage_11__id_delaybuf0/A (sky130_fd_sc_hd__clkbuf_2)
                      0.127498    0.131321    5.226068 ^ ringosc_dstage_11__id_delaybuf0/X (sky130_fd_sc_hd__clkbuf_2)
     3    0.029916                                       ringosc_dstage_11__id_ts (net)
                      0.127503    0.000679    5.226747 ^ ringosc_dstage_11__id_delaybuf1/A (sky130_fd_sc_hd__clkbuf_1)
                      0.054105    0.079736    5.306483 ^ ringosc_dstage_11__id_delaybuf1/X (sky130_fd_sc_hd__clkbuf_1)
     1    0.005370                                       ringosc_dstage_11__id_d0 (net)
                      0.054105    0.000175    5.306658 ^ ringosc_dstage_11__id_delayen1/A (sky130_fd_sc_hd__einvp_2)
                      0.034755    0.042568    5.349226 v ringosc_dstage_11__id_delayen1/Z (sky130_fd_sc_hd__einvp_2)
     1    0.011516                                       ringosc_dstage_11__id_d1 (net)
                      0.034757    0.000191    5.349417 v ringosc_dstage_11__id_delayint0/A (sky130_fd_sc_hd__clkinv_1)
                      0.031591    0.028565    5.377981 ^ ringosc_dstage_11__id_delayint0/Y (sky130_fd_sc_hd__clkinv_1)
     1    0.006446                                       ringosc_dstage_11__id_d2 (net)
                      0.031593    0.000175    5.378156 ^ ringosc_dstage_11__id_delayen0/A (sky130_fd_sc_hd__einvp_2)
                      0.068183    0.065388    5.443544 v ringosc_dstage_11__id_delayen0/Z (sky130_fd_sc_hd__einvp_2)
     2    0.025833                                       ringosc_d[12] (net)
                      0.068197    0.000876    5.444420 v ringosc_iss_delaybuf0/A (sky130_fd_sc_hd__clkbuf_1)
                      0.024609    0.079913    5.524332 v ringosc_iss_delaybuf0/X (sky130_fd_sc_hd__clkbuf_1)
     1    0.004387                                       ringosc_iss_d0 (net)
                      0.024610    0.000133    5.524465 v ringosc_iss_delayen1/A (sky130_fd_sc_hd__einvp_2)
                      0.093067    0.084215    5.608680 ^ ringosc_iss_delayen1/Z (sky130_fd_sc_hd__einvp_2)
     1    0.011930                                       ringosc_iss_d1 (net)
                      0.093068    0.000230    5.608910 ^ ringosc_iss_delayint0/A (sky130_fd_sc_hd__clkinv_1)
                      0.042375    0.056863    5.665772 v ringosc_iss_delayint0/Y (sky130_fd_sc_hd__clkinv_1)
     1    0.004874                                       ringosc_iss_d2 (net)
                      0.042376    0.000153    5.665926 v ringosc_iss_delayen0/A (sky130_fd_sc_hd__einvp_2)
                      0.179563    0.155863    5.821788 ^ ringosc_iss_delayen0/Z (sky130_fd_sc_hd__einvp_2)
     2    0.023003                                       ringosc_d[0] (net)
                      0.307656    0.000293    5.822081 ^ ringosc_dstage_0__id_delaybuf0/A (sky130_fd_sc_hd__clkbuf_2)
                      0.132278    0.182353    6.004435 ^ ringosc_dstage_0__id_delaybuf0/X (sky130_fd_sc_hd__clkbuf_2)
     3    0.030739                                       ringosc_dstage_0__id_ts (net)
                      0.132283    0.000659    6.005094 ^ ringosc_dstage_0__id_delaybuf1/A (sky130_fd_sc_hd__clkbuf_1)
                      0.059666    0.083822    6.088915 ^ ringosc_dstage_0__id_delaybuf1/X (sky130_fd_sc_hd__clkbuf_1)
     1    0.006036                                       ringosc_dstage_0__id_d0 (net)
                      0.059667    0.000207    6.089122 ^ ringosc_dstage_0__id_delayen1/A (sky130_fd_sc_hd__einvp_2)
                      0.042787    0.041826    6.130948 v ringosc_dstage_0__id_delayen1/Z (sky130_fd_sc_hd__einvp_2)
     1    0.010970                                       ringosc_dstage_0__id_d1 (net)
                      0.042788    0.000205    6.131153 v ringosc_dstage_0__id_delayint0/A (sky130_fd_sc_hd__clkinv_1)
                      0.030022    0.042982    6.174135 ^ ringosc_dstage_0__id_delayint0/Y (sky130_fd_sc_hd__clkinv_1)
     1    0.005412                                       ringosc_dstage_0__id_d2 (net)
                      0.030023    0.000179    6.174314 ^ ringosc_dstage_0__id_delayen0/A (sky130_fd_sc_hd__einvp_2)
                      0.048748    0.046199    6.220513 v ringosc_dstage_0__id_delayen0/Z (sky130_fd_sc_hd__einvp_2)
     1    0.016399                                       ringosc_d[1] (net)
                      0.048750    0.000236    6.220749 v ringosc_dstage_1__id_delaybuf0/A (sky130_fd_sc_hd__clkbuf_2)
                      0.077101    0.129306    6.350055 v ringosc_dstage_1__id_delaybuf0/X (sky130_fd_sc_hd__clkbuf_2)
     3    0.028260                                       ringosc_dstage_1__id_ts (net)
                      0.077106    0.000568    6.350623 v ringosc_dstage_1__id_delaybuf1/A (sky130_fd_sc_hd__clkbuf_1)
                      0.028762    0.086825    6.437448 v ringosc_dstage_1__id_delaybuf1/X (sky130_fd_sc_hd__clkbuf_1)
     1    0.005497                                       ringosc_dstage_1__id_d0 (net)
                      0.028764    0.000190    6.437638 v ringosc_dstage_1__id_delayen1/A (sky130_fd_sc_hd__einvp_2)
                      0.089326    0.082328    6.519967 ^ ringosc_dstage_1__id_delayen1/Z (sky130_fd_sc_hd__einvp_2)
     1    0.011399                                       ringosc_dstage_1__id_d1 (net)
                      0.089327    0.000142    6.520109 ^ ringosc_dstage_1__id_delayint0/A (sky130_fd_sc_hd__clkinv_1)
                      0.039363    0.053547    6.573656 v ringosc_dstage_1__id_delayint0/Y (sky130_fd_sc_hd__clkinv_1)
     1    0.004334                                       ringosc_dstage_1__id_d2 (net)
                      0.039363    0.000089    6.573745 v ringosc_dstage_1__id_delayen0/A (sky130_fd_sc_hd__einvp_2)
                      0.126058    0.114238    6.687984 ^ ringosc_dstage_1__id_delayen0/Z (sky130_fd_sc_hd__einvp_2)
     1    0.016172                                       ringosc_d[2] (net)
                      0.126059    0.000281    6.688265 ^ ringosc_dstage_2__id_delaybuf0/A (sky130_fd_sc_hd__clkbuf_2)
                      0.132247    0.166717    6.854982 ^ ringosc_dstage_2__id_delaybuf0/X (sky130_fd_sc_hd__clkbuf_2)
     3    0.031009                                       ringosc_dstage_2__id_ts (net)
                      0.132251    0.000635    6.855617 ^ ringosc_dstage_2__id_delaybuf1/A (sky130_fd_sc_hd__clkbuf_1)
                      0.053038    0.078904    6.934521 ^ ringosc_dstage_2__id_delaybuf1/X (sky130_fd_sc_hd__clkbuf_1)
     1    0.005237                                       ringosc_dstage_2__id_d0 (net)
                      0.053039    0.000120    6.934640 ^ ringosc_dstage_2__id_delayen1/A (sky130_fd_sc_hd__einvp_2)
                      0.052744    0.043270    6.977911 v ringosc_dstage_2__id_delayen1/Z (sky130_fd_sc_hd__einvp_2)
     1    0.011849                                       ringosc_dstage_2__id_d1 (net)
                      0.052746    0.000241    6.978152 v ringosc_dstage_2__id_delayint0/A (sky130_fd_sc_hd__clkinv_1)
                      0.029530    0.045386    7.023538 ^ ringosc_dstage_2__id_delayint0/Y (sky130_fd_sc_hd__clkinv_1)
     1    0.004829                                       ringosc_dstage_2__id_d2 (net)
                      0.029531    0.000147    7.023684 ^ ringosc_dstage_2__id_delayen0/A (sky130_fd_sc_hd__einvp_2)
                      0.047438    0.045535    7.069219 v ringosc_dstage_2__id_delayen0/Z (sky130_fd_sc_hd__einvp_2)
     1    0.016146                                       ringosc_d[3] (net)
                      0.047441    0.000370    7.069589 v ringosc_dstage_3__id_delaybuf0/A (sky130_fd_sc_hd__clkbuf_2)
                      0.074146    0.126549    7.196138 v ringosc_dstage_3__id_delaybuf0/X (sky130_fd_sc_hd__clkbuf_2)
     3    0.027078                                       ringosc_dstage_3__id_ts (net)
                      0.074151    0.000555    7.196693 v ringosc_dstage_3__id_delaybuf1/A (sky130_fd_sc_hd__clkbuf_1)
                      0.028727    0.085810    7.282503 v ringosc_dstage_3__id_delaybuf1/X (sky130_fd_sc_hd__clkbuf_1)
     1    0.005512                                       ringosc_dstage_3__id_d0 (net)
                      0.028728    0.000147    7.282650 v ringosc_dstage_3__id_delayen1/A (sky130_fd_sc_hd__einvp_2)
                      0.101530    0.092214    7.374864 ^ ringosc_dstage_3__id_delayen1/Z (sky130_fd_sc_hd__einvp_2)
     1    0.013040                                       ringosc_dstage_3__id_d1 (net)
                      0.101531    0.000261    7.375125 ^ ringosc_dstage_3__id_delayint0/A (sky130_fd_sc_hd__clkinv_1)
                      0.047835    0.063010    7.438135 v ringosc_dstage_3__id_delayint0/Y (sky130_fd_sc_hd__clkinv_1)
     1    0.005763                                       ringosc_dstage_3__id_d2 (net)
                      0.047836    0.000193    7.438328 v ringosc_dstage_3__id_delayen0/A (sky130_fd_sc_hd__einvp_2)
                      0.117623    0.110646    7.548974 ^ ringosc_dstage_3__id_delayen0/Z (sky130_fd_sc_hd__einvp_2)
     1    0.015089                                       ringosc_d[4] (net)
                      0.117623    0.000166    7.549140 ^ ringosc_dstage_4__id_delaybuf0/A (sky130_fd_sc_hd__clkbuf_2)
                      0.131119    0.164603    7.713743 ^ ringosc_dstage_4__id_delaybuf0/X (sky130_fd_sc_hd__clkbuf_2)
     3    0.030743                                       ringosc_dstage_4__id_ts (net)
                      0.131125    0.000745    7.714488 ^ ringosc_dstage_4__id_delaybuf1/A (sky130_fd_sc_hd__clkbuf_1)
                      0.056882    0.081763    7.796251 ^ ringosc_dstage_4__id_delaybuf1/X (sky130_fd_sc_hd__clkbuf_1)
     1    0.005702                                       ringosc_dstage_4__id_d0 (net)
                      0.056883    0.000192    7.796443 ^ ringosc_dstage_4__id_delayen1/A (sky130_fd_sc_hd__einvp_2)
                      0.039129    0.043850    7.840293 v ringosc_dstage_4__id_delayen1/Z (sky130_fd_sc_hd__einvp_2)
     1    0.011862                                       ringosc_dstage_4__id_d1 (net)
                      0.039132    0.000284    7.840577 v ringosc_dstage_4__id_delayint0/A (sky130_fd_sc_hd__clkinv_1)
                      0.027195    0.039599    7.880177 ^ ringosc_dstage_4__id_delayint0/Y (sky130_fd_sc_hd__clkinv_1)
     1    0.004793                                       ringosc_dstage_4__id_d2 (net)
                      0.027196    0.000099    7.880276 ^ ringosc_dstage_4__id_delayen0/A (sky130_fd_sc_hd__einvp_2)
                      0.046835    0.044661    7.924937 v ringosc_dstage_4__id_delayen0/Z (sky130_fd_sc_hd__einvp_2)
     1    0.016037                                       ringosc_d[5] (net)
                      0.046838    0.000339    7.925277 v ringosc_dstage_5__id_delaybuf0/A (sky130_fd_sc_hd__clkbuf_2)
                      0.076422    0.128112    8.053389 v ringosc_dstage_5__id_delaybuf0/X (sky130_fd_sc_hd__clkbuf_2)
     3    0.028008                                       ringosc_dstage_5__id_ts (net)
                      0.076428    0.000582    8.053970 v ringosc_dstage_5__id_delaybuf1/A (sky130_fd_sc_hd__clkbuf_1)
                      0.025408    0.083475    8.137444 v ringosc_dstage_5__id_delaybuf1/X (sky130_fd_sc_hd__clkbuf_1)
     1    0.004551                                       ringosc_dstage_5__id_d0 (net)
                      0.025408    0.000097    8.137542 v ringosc_dstage_5__id_delayen1/A (sky130_fd_sc_hd__einvp_2)
                      0.094067    0.085327    8.222869 ^ ringosc_dstage_5__id_delayen1/Z (sky130_fd_sc_hd__einvp_2)
     1    0.012074                                       ringosc_dstage_5__id_d1 (net)
                      0.094068    0.000309    8.223178 ^ ringosc_dstage_5__id_delayint0/A (sky130_fd_sc_hd__clkinv_1)
                      0.042343    0.056760    8.279938 v ringosc_dstage_5__id_delayint0/Y (sky130_fd_sc_hd__clkinv_1)
     1    0.004810                                       ringosc_dstage_5__id_d2 (net)
                      0.042343    0.000156    8.280094 v ringosc_dstage_5__id_delayen0/A (sky130_fd_sc_hd__einvp_2)
                      0.199313    0.170685    8.450779 ^ ringosc_dstage_5__id_delayen0/Z (sky130_fd_sc_hd__einvp_2)
     2    0.025519                                       ringosc_d[6] (net)
                      0.199316    0.000682    8.451461 ^ ringosc_ibufp10/A (sky130_fd_sc_hd__clkinv_2)
                      0.082717    0.095218    8.546679 v ringosc_ibufp10/Y (sky130_fd_sc_hd__clkinv_2)
     1    0.019041                                       ringosc_c[1] (net)
                      0.082723    0.000587    8.547266 v ringosc_ibufp11/A (sky130_fd_sc_hd__clkinv_8)
                      0.175560    0.161542    8.708808 ^ ringosc_ibufp11/Y (sky130_fd_sc_hd__clkinv_8)
     1    0.205925                                       clockp[1] (net)
                      0.176298    0.009736    8.718544 ^ clockp[1] (out)
                                              8.718544   data arrival time

                      0.000000   20.000000   20.000000   clock VIRTUAL_CLK (rise edge)
                                  0.000000   20.000000   clock network delay (ideal)
                                  0.000000   20.000000   clock reconvergence pessimism
                                 -3.000000   17.000000   output external delay
                                             17.000000   data required time
---------------------------------------------------------------------------------------------
                                             17.000000   data required time
                                             -8.718544   data arrival time
---------------------------------------------------------------------------------------------
                                              8.281456   slack (MET)


Startpoint: dll_control_count0_reg_1_
            (rising edge-triggered flip-flop clocked by dll_control_clock)
Endpoint: dll_control_tval_reg_6_
          (rising edge-triggered flip-flop clocked by dll_control_clock)
Path Group: dll_control_clock
Path Type: max

Fanout         Cap        Slew       Delay        Time   Description
---------------------------------------------------------------------------------------------
                                  0.000000    0.000000   clock dll_control_clock (rise edge)
                                  0.000000    0.000000   clock source latency
                      0.238774    0.000000    0.000000 ^ ringosc_ibufp01/Y (sky130_fd_sc_hd__clkinv_8)
    24    0.282415                                       clockp[0] (net)
                      0.243801    0.029045    0.029045 ^ dll_control_count0_reg_1_/CLK (sky130_fd_sc_hd__dfrtp_2)
                      0.060316    0.334682    0.363727 v dll_control_count0_reg_1_/Q (sky130_fd_sc_hd__dfrtp_2)
     5    0.022281                                       dll_control_count0[1] (net)
                      0.060325    0.000637    0.364364 v U229/CIN (sky130_fd_sc_hd__fa_1)
                      0.078678    0.335487    0.699850 ^ U229/SUM (sky130_fd_sc_hd__fa_1)
     2    0.009262                                       n129 (net)
                      0.078679    0.000180    0.700031 ^ U226/B (sky130_fd_sc_hd__xnor2_1)
                      0.044198    0.054665    0.754696 v U226/Y (sky130_fd_sc_hd__xnor2_1)
     2    0.005806                                       n153 (net)
                      0.044199    0.000149    0.754845 v U228/A2 (sky130_fd_sc_hd__o21ai_1)
                      0.080959    0.092523    0.847367 ^ U228/Y (sky130_fd_sc_hd__o21ai_1)
     1    0.003733                                       n137 (net)
                      0.080959    0.000120    0.847488 ^ U233/A1 (sky130_fd_sc_hd__a21oi_1)
                      0.039008    0.042007    0.889494 v U233/Y (sky130_fd_sc_hd__a21oi_1)
     1    0.002921                                       n141 (net)
                      0.039008    0.000089    0.889584 v U235/A2 (sky130_fd_sc_hd__o21ai_1)
                      0.082995    0.092335    0.981919 ^ U235/Y (sky130_fd_sc_hd__o21ai_1)
     1    0.003910                                       n147 (net)
                      0.082995    0.000128    0.982047 ^ U240/A1 (sky130_fd_sc_hd__a21oi_1)
                      0.046745    0.051188    1.033235 v U240/Y (sky130_fd_sc_hd__a21oi_1)
     1    0.005051                                       n148 (net)
                      0.046746    0.000162    1.033397 v U241/B (sky130_fd_sc_hd__nand2b_2)
                      0.078488    0.086988    1.120384 ^ U241/Y (sky130_fd_sc_hd__nand2b_2)
     2    0.016863                                       n165 (net)
                      0.078496    0.000648    1.121033 ^ U138/A (sky130_fd_sc_hd__clkinv_4)
                      0.069241    0.078442    1.199475 v U138/Y (sky130_fd_sc_hd__clkinv_4)
    13    0.044853                                       n202 (net)
                      0.069260    0.001002    1.200477 v U267/B (sky130_fd_sc_hd__nor2_1)
                      0.161079    0.155192    1.355669 ^ U267/Y (sky130_fd_sc_hd__nor2_1)
     2    0.011924                                       n183 (net)
                      0.161080    0.000270    1.355939 ^ U269/A2 (sky130_fd_sc_hd__o21ai_2)
                      0.054236    0.060160    1.416098 v U269/Y (sky130_fd_sc_hd__o21ai_2)
     2    0.012664                                       n192 (net)
                      0.054240    0.000419    1.416517 v U273/A2 (sky130_fd_sc_hd__a21oi_2)
                      0.130888    0.153980    1.570497 ^ U273/Y (sky130_fd_sc_hd__a21oi_2)
     3    0.012794                                       n211 (net)
                      0.130889    0.000313    1.570809 ^ U307/A2 (sky130_fd_sc_hd__o21ai_1)
                      0.046220    0.058010    1.628820 v U307/Y (sky130_fd_sc_hd__o21ai_1)
     1    0.005846                                       n213 (net)
                      0.046222    0.000200    1.629019 v U308/B (sky130_fd_sc_hd__xnor2_1)
                      0.107101    0.115457    1.744476 ^ U308/Y (sky130_fd_sc_hd__xnor2_1)
     1    0.004650                                       n215 (net)
                      0.107101    0.000153    1.744629 ^ U309/A (sky130_fd_sc_hd__nand2_1)
                      0.039494    0.038893    1.783522 v U309/Y (sky130_fd_sc_hd__nand2_1)
     1    0.003724                                       n216 (net)
                      0.039495    0.000120    1.783643 v U310/B1 (sky130_fd_sc_hd__o21ai_1)
                      0.072219    0.051917    1.835560 ^ U310/Y (sky130_fd_sc_hd__o21ai_1)
     1    0.002904                                       n72 (net)
                      0.072219    0.000065    1.835625 ^ dll_control_tval_reg_6_/D (sky130_fd_sc_hd__dfrtp_4)
                                              1.835625   data arrival time

                                  4.670000    4.670000   clock dll_control_clock (rise edge)
                                  0.000000    4.670000   clock source latency
                      0.238774    0.000000    4.670000 ^ ringosc_ibufp01/Y (sky130_fd_sc_hd__clkinv_8)
    24    0.282415                                       clockp[0] (net)
                      0.244643    0.028275    4.698275 ^ dll_control_tval_reg_6_/CLK (sky130_fd_sc_hd__dfrtp_4)
                                 -0.100000    4.598275   clock uncertainty
                                  0.000000    4.598275   clock reconvergence pessimism
                                 -0.033242    4.565033   library setup time
                                              4.565033   data required time
---------------------------------------------------------------------------------------------
                                              4.565033   data required time
                                             -1.835625   data arrival time
---------------------------------------------------------------------------------------------
                                              2.729408   slack (MET)




===========================================================================
report_checks --slack_max -0.01
============================================================================
======================= nom_ff_n40C_1v95 Corner ===================================

No paths found.


===========================================================================
 report_check_types -max_slew -max_cap -max_fanout -violators
============================================================================
======================= nom_ff_n40C_1v95 Corner ===================================

max fanout

Pin                                   Limit Fanout  Slack
---------------------------------------------------------
fanout2/X                                20     32    -12 (VIOLATED)
ringosc_ibufp01/Y                        20     23     -3 (VIOLATED)



===========================================================================
report_parasitic_annotation -report_unannotated
============================================================================
Found 2 unannotated drivers.
 U140/LO
 ringosc_iss_const1/LO
Found 0 partially unannotated drivers.

===========================================================================
max slew violation count 0
max fanout violation count 2
max cap violation count 0
============================================================================

===========================================================================
check_setup -verbose -unconstrained_endpoints -multiple_clock -no_clock -no_input_delay -loops -generated_clocks
===========================================================================
